
> headlamp@0.1.0 i18n
> i18next 'src/**/*.{ts,tsx}' '!src/**/*.test.{ts,tsx}' -c ./src/i18n/i18next-parser.config.js


[36m  i18next Parser[39m
[36m  --------------[39m
[36m  Input:  [39msrc/**/*.{ts,tsx}, !src/**/*.test.{ts,tsx}
[36m  Output: [39m/Users/rucha/LFX/headlamp/headlamp/frontend/src/i18n/locales/$LOCALE/$NAMESPACE.json

[32m  [read]    [39m/Users/rucha/LFX/headlamp/headlamp/frontend/src/App.tsx
[32m  [read]    [39m/Users/rucha/LFX/headlamp/headlamp/frontend/src/components/404/index.tsx
[32m  [read]    [39m/Users/rucha/LFX/headlamp/headlamp/frontend/src/components/404/NotFoundComponent.stories.tsx
[32m  [read]    [39m/Users/rucha/LFX/headlamp/headlamp/frontend/src/components/account/Auth.tsx
[32m  [read]    [39m/Users/rucha/LFX/headlamp/headlamp/frontend/src/components/account/AuthToken.stories.tsx
[32m  [read]    [39m/Users/rucha/LFX/headlamp/headlamp/frontend/src/components/activity/Activity.stories.tsx
[32m  [read]    [39m/Users/rucha/LFX/headlamp/headlamp/frontend/src/components/activity/Activity.tsx
[32m  [read]    [39m/Users/rucha/LFX/headlamp/headlamp/frontend/src/components/activity/activitySlice.tsx
[32m  [read]    [39m/Users/rucha/LFX/headlamp/headlamp/frontend/src/components/advancedSearch/AdvancedSearch.stories.tsx
[32m  [read]    [39m/Users/rucha/LFX/headlamp/headlamp/frontend/src/components/advancedSearch/AdvancedSearch.tsx
[32m  [read]    [39m/Users/rucha/LFX/headlamp/headlamp/frontend/src/components/advancedSearch/ApiResourcePicker.stories.tsx
[32m  [read]    [39m/Users/rucha/LFX/headlamp/headlamp/frontend/src/components/advancedSearch/ApiResourcePicker.tsx
[32m  [read]    [39m/Users/rucha/LFX/headlamp/headlamp/frontend/src/components/advancedSearch/EmptyResults.stories.tsx
[32m  [read]    [39m/Users/rucha/LFX/headlamp/headlamp/frontend/src/components/advancedSearch/EmptyResults.tsx
[32m  [read]    [39m/Users/rucha/LFX/headlamp/headlamp/frontend/src/components/advancedSearch/ResourceSearch.stories.tsx
[32m  [read]    [39m/Users/rucha/LFX/headlamp/headlamp/frontend/src/components/advancedSearch/ResourceSearch.tsx
[32m  [read]    [39m/Users/rucha/LFX/headlamp/headlamp/frontend/src/components/advancedSearch/savedAdvancedSearches.ts
[32m  [read]    [39m/Users/rucha/LFX/headlamp/headlamp/frontend/src/components/advancedSearch/SavedSearches.tsx
[32m  [read]    [39m/Users/rucha/LFX/headlamp/headlamp/frontend/src/components/advancedSearch/SearchSettings.stories.tsx
[32m  [read]    [39m/Users/rucha/LFX/headlamp/headlamp/frontend/src/components/advancedSearch/SearchSettings.tsx
[32m  [read]    [39m/Users/rucha/LFX/headlamp/headlamp/frontend/src/components/advancedSearch/selectedResources.ts
[32m  [read]    [39m/Users/rucha/LFX/headlamp/headlamp/frontend/src/components/advancedSearch/utils/getTopLevelKeys.ts
[32m  [read]    [39m/Users/rucha/LFX/headlamp/headlamp/frontend/src/components/advancedSearch/utils/inferTypes.ts
[32m  [read]    [39m/Users/rucha/LFX/headlamp/headlamp/frontend/src/components/advancedSearch/utils/searchWithQuery.ts
[32m  [read]    [39m/Users/rucha/LFX/headlamp/headlamp/frontend/src/components/advancedSearch/utils/useKubeLists.ts
[32m  [read]    [39m/Users/rucha/LFX/headlamp/headlamp/frontend/src/components/advancedSearch/utils/useTypeDefinition.ts
[32m  [read]    [39m/Users/rucha/LFX/headlamp/headlamp/frontend/src/components/App/AllowedNamespacesSelectorGate.tsx
[32m  [read]    [39m/Users/rucha/LFX/headlamp/headlamp/frontend/src/components/App/AppContainer.stories.tsx
[32m  [read]    [39m/Users/rucha/LFX/headlamp/headlamp/frontend/src/components/App/AppContainer.tsx
[32m  [read]    [39m/Users/rucha/LFX/headlamp/headlamp/frontend/src/components/App/AppLogo.stories.tsx
[32m  [read]    [39m/Users/rucha/LFX/headlamp/headlamp/frontend/src/components/App/AppLogo.tsx
[32m  [read]    [39m/Users/rucha/LFX/headlamp/headlamp/frontend/src/components/App/CreateCluster/AddCluster.tsx
[32m  [read]    [39m/Users/rucha/LFX/headlamp/headlamp/frontend/src/components/App/defaultAppThemes.ts
[32m  [read]    [39m/Users/rucha/LFX/headlamp/headlamp/frontend/src/components/App/Home/ClusterContextMenu.tsx
[32m  [read]    [39m/Users/rucha/LFX/headlamp/headlamp/frontend/src/components/App/Home/ClusterInventory/index.ts
[32m  [read]    [39m/Users/rucha/LFX/headlamp/headlamp/frontend/src/components/App/Home/clusterStatus.ts
[32m  [read]    [39m/Users/rucha/LFX/headlamp/headlamp/frontend/src/components/App/Home/ClusterTable.stories.tsx
[32m  [read]    [39m/Users/rucha/LFX/headlamp/headlamp/frontend/src/components/App/Home/ClusterTable.tsx
[32m  [read]    [39m/Users/rucha/LFX/headlamp/headlamp/frontend/src/components/App/Home/config.ts
[32m  [read]    [39m/Users/rucha/LFX/headlamp/headlamp/frontend/src/components/App/Home/customClusterNames.ts
[32m  [read]    [39m/Users/rucha/LFX/headlamp/headlamp/frontend/src/components/App/Home/index.stories.tsx
[32m  [read]    [39m/Users/rucha/LFX/headlamp/headlamp/frontend/src/components/App/Home/index.tsx
[32m  [read]    [39m/Users/rucha/LFX/headlamp/headlamp/frontend/src/components/App/Home/RecentClusters.stories.tsx
[32m  [read]    [39m/Users/rucha/LFX/headlamp/headlamp/frontend/src/components/App/Home/RecentClusters.tsx
[32m  [read]    [39m/Users/rucha/LFX/headlamp/headlamp/frontend/src/components/App/Home/RegisteredClusterEmptyState.tsx
[32m  [read]    [39m/Users/rucha/LFX/headlamp/headlamp/frontend/src/components/App/Home/SquareButton.stories.tsx
[32m  [read]    [39m/Users/rucha/LFX/headlamp/headlamp/frontend/src/components/App/Home/SquareButton.tsx
[32m  [read]    [39m/Users/rucha/LFX/headlamp/headlamp/frontend/src/components/App/Home/storyHelper.ts
[32m  [read]    [39m/Users/rucha/LFX/headlamp/headlamp/frontend/src/components/App/icons.ts
[32m  [read]    [39m/Users/rucha/LFX/headlamp/headlamp/frontend/src/components/App/Layout.stories.tsx
[32m  [read]    [39m/Users/rucha/LFX/headlamp/headlamp/frontend/src/components/App/Layout.tsx
[32m  [read]    [39m/Users/rucha/LFX/headlamp/headlamp/frontend/src/components/App/LegalDocuments.tsx
[32m  [read]    [39m/Users/rucha/LFX/headlamp/headlamp/frontend/src/components/App/Notifications/index.tsx
[32m  [read]    [39m/Users/rucha/LFX/headlamp/headlamp/frontend/src/components/App/Notifications/List/index.tsx
[32m  [read]    [39m/Users/rucha/LFX/headlamp/headlamp/frontend/src/components/App/Notifications/List/List.stories.tsx
[32m  [read]    [39m/Users/rucha/LFX/headlamp/headlamp/frontend/src/components/App/Notifications/List/List.tsx
[32m  [read]    [39m/Users/rucha/LFX/headlamp/headlamp/frontend/src/components/App/Notifications/Notifications.stories.tsx
[32m  [read]    [39m/Users/rucha/LFX/headlamp/headlamp/frontend/src/components/App/Notifications/Notifications.tsx
[32m  [read]    [39m/Users/rucha/LFX/headlamp/headlamp/frontend/src/components/App/Notifications/notificationsSlice.ts
[32m  [read]    [39m/Users/rucha/LFX/headlamp/headlamp/frontend/src/components/App/pluginManager.ts
[32m  [read]    [39m/Users/rucha/LFX/headlamp/headlamp/frontend/src/components/App/PluginSettings/index.tsx
[32m  [read]    [39m/Users/rucha/LFX/headlamp/headlamp/frontend/src/components/App/PluginSettings/PluginSettings.stories.tsx
[32m  [read]    [39m/Users/rucha/LFX/headlamp/headlamp/frontend/src/components/App/PluginSettings/PluginSettings.tsx
[32m  [read]    [39m/Users/rucha/LFX/headlamp/headlamp/frontend/src/components/App/PluginSettings/PluginSettingsDetails.stories.tsx
[32m  [read]    [39m/Users/rucha/LFX/headlamp/headlamp/frontend/src/components/App/PluginSettings/PluginSettingsDetails.tsx
[32m  [read]    [39m/Users/rucha/LFX/headlamp/headlamp/frontend/src/components/App/PluginSettings/usePluginDelete.ts
[32m  [read]    [39m/Users/rucha/LFX/headlamp/headlamp/frontend/src/components/App/RouteSwitcher.stories.tsx
[32m  [read]    [39m/Users/rucha/LFX/headlamp/headlamp/frontend/src/components/App/RouteSwitcher.tsx
[33m  [warning] [39mKey is not a string literal
[32m  [read]    [39m/Users/rucha/LFX/headlamp/headlamp/frontend/src/components/App/runCommand.ts
[32m  [read]    [39m/Users/rucha/LFX/headlamp/headlamp/frontend/src/components/App/Settings/ClusterNameEditor.stories.tsx
[32m  [read]    [39m/Users/rucha/LFX/headlamp/headlamp/frontend/src/components/App/Settings/ClusterNameEditor.tsx
[32m  [read]    [39m/Users/rucha/LFX/headlamp/headlamp/frontend/src/components/App/Settings/ClusterSelector.stories.tsx
[32m  [read]    [39m/Users/rucha/LFX/headlamp/headlamp/frontend/src/components/App/Settings/ClusterSelector.tsx
[32m  [read]    [39m/Users/rucha/LFX/headlamp/headlamp/frontend/src/components/App/Settings/ColorPicker.stories.tsx
[32m  [read]    [39m/Users/rucha/LFX/headlamp/headlamp/frontend/src/components/App/Settings/ColorPicker.tsx
[32m  [read]    [39m/Users/rucha/LFX/headlamp/headlamp/frontend/src/components/App/Settings/DrawerModeSettings.stories.tsx
[32m  [read]    [39m/Users/rucha/LFX/headlamp/headlamp/frontend/src/components/App/Settings/DrawerModeSettings.tsx
[32m  [read]    [39m/Users/rucha/LFX/headlamp/headlamp/frontend/src/components/App/Settings/hook.tsx
[32m  [read]    [39m/Users/rucha/LFX/headlamp/headlamp/frontend/src/components/App/Settings/IconPicker.stories.tsx
[32m  [read]    [39m/Users/rucha/LFX/headlamp/headlamp/frontend/src/components/App/Settings/IconPicker.tsx
[32m  [read]    [39m/Users/rucha/LFX/headlamp/headlamp/frontend/src/components/App/Settings/index.tsx
[32m  [read]    [39m/Users/rucha/LFX/headlamp/headlamp/frontend/src/components/App/Settings/NodeShellSettings.stories.tsx
[32m  [read]    [39m/Users/rucha/LFX/headlamp/headlamp/frontend/src/components/App/Settings/NodeShellSettings.tsx
[32m  [read]    [39m/Users/rucha/LFX/headlamp/headlamp/frontend/src/components/App/Settings/NumRowsInput.stories.tsx
[32m  [read]    [39m/Users/rucha/LFX/headlamp/headlamp/frontend/src/components/App/Settings/NumRowsInput.tsx
[32m  [read]    [39m/Users/rucha/LFX/headlamp/headlamp/frontend/src/components/App/Settings/PodDebugSettings.stories.tsx
[32m  [read]    [39m/Users/rucha/LFX/headlamp/headlamp/frontend/src/components/App/Settings/PodDebugSettings.tsx
[32m  [read]    [39m/Users/rucha/LFX/headlamp/headlamp/frontend/src/components/App/Settings/Settings.stories.tsx
[32m  [read]    [39m/Users/rucha/LFX/headlamp/headlamp/frontend/src/components/App/Settings/Settings.tsx
[32m  [read]    [39m/Users/rucha/LFX/headlamp/headlamp/frontend/src/components/App/Settings/SettingsButton.stories.tsx
[32m  [read]    [39m/Users/rucha/LFX/headlamp/headlamp/frontend/src/components/App/Settings/SettingsButton.tsx
[32m  [read]    [39m/Users/rucha/LFX/headlamp/headlamp/frontend/src/components/App/Settings/SettingsCluster.stories.tsx
[32m  [read]    [39m/Users/rucha/LFX/headlamp/headlamp/frontend/src/components/App/Settings/SettingsCluster.tsx
[32m  [read]    [39m/Users/rucha/LFX/headlamp/headlamp/frontend/src/components/App/Settings/SettingsClusters.stories.tsx
[32m  [read]    [39m/Users/rucha/LFX/headlamp/headlamp/frontend/src/components/App/Settings/SettingsClusters.tsx
[32m  [read]    [39m/Users/rucha/LFX/headlamp/headlamp/frontend/src/components/App/Settings/ShortcutsSettings.stories.tsx
[32m  [read]    [39m/Users/rucha/LFX/headlamp/headlamp/frontend/src/components/App/Settings/ShortcutsSettings.tsx
[33m  [warning] [39mKey is not a string literal: conflict
[33m  [warning] [39mKey is not a string literal
[33m  [warning] [39mKey is not a string literal
[32m  [read]    [39m/Users/rucha/LFX/headlamp/headlamp/frontend/src/components/App/Settings/ThemePreview.stories.tsx
[32m  [read]    [39m/Users/rucha/LFX/headlamp/headlamp/frontend/src/components/App/Settings/ThemePreview.tsx
[32m  [read]    [39m/Users/rucha/LFX/headlamp/headlamp/frontend/src/components/App/Settings/useClusterSettings.ts
[32m  [read]    [39m/Users/rucha/LFX/headlamp/headlamp/frontend/src/components/App/Settings/util.tsx
[32m  [read]    [39m/Users/rucha/LFX/headlamp/headlamp/frontend/src/components/App/themeSlice.ts
[32m  [read]    [39m/Users/rucha/LFX/headlamp/headlamp/frontend/src/components/App/TopBar.stories.tsx
[32m  [read]    [39m/Users/rucha/LFX/headlamp/headlamp/frontend/src/components/App/TopBar.tsx
[32m  [read]    [39m/Users/rucha/LFX/headlamp/headlamp/frontend/src/components/App/TopBar.utils.ts
[32m  [read]    [39m/Users/rucha/LFX/headlamp/headlamp/frontend/src/components/App/VersionDialog.stories.tsx
[32m  [read]    [39m/Users/rucha/LFX/headlamp/headlamp/frontend/src/components/App/VersionDialog.tsx
[32m  [read]    [39m/Users/rucha/LFX/headlamp/headlamp/frontend/src/components/authchooser/AuthChooser.stories.tsx
[32m  [read]    [39m/Users/rucha/LFX/headlamp/headlamp/frontend/src/components/authchooser/index.tsx
[32m  [read]    [39m/Users/rucha/LFX/headlamp/headlamp/frontend/src/components/cluster/Charts/index.ts
[32m  [read]    [39m/Users/rucha/LFX/headlamp/headlamp/frontend/src/components/cluster/Charts/ResourceCharts.stories.tsx
[32m  [read]    [39m/Users/rucha/LFX/headlamp/headlamp/frontend/src/components/cluster/Charts/ResourceCharts.tsx
[32m  [read]    [39m/Users/rucha/LFX/headlamp/headlamp/frontend/src/components/cluster/Charts/StatusCharts.stories.tsx
[32m  [read]    [39m/Users/rucha/LFX/headlamp/headlamp/frontend/src/components/cluster/Charts/StatusCharts.tsx
[32m  [read]    [39m/Users/rucha/LFX/headlamp/headlamp/frontend/src/components/cluster/Chooser.stories.tsx
[32m  [read]    [39m/Users/rucha/LFX/headlamp/headlamp/frontend/src/components/cluster/Chooser.tsx
[32m  [read]    [39m/Users/rucha/LFX/headlamp/headlamp/frontend/src/components/cluster/ClusterChooser.stories.tsx
[32m  [read]    [39m/Users/rucha/LFX/headlamp/headlamp/frontend/src/components/cluster/ClusterChooser.tsx
[32m  [read]    [39m/Users/rucha/LFX/headlamp/headlamp/frontend/src/components/cluster/ClusterChooserPopup.stories.tsx
[32m  [read]    [39m/Users/rucha/LFX/headlamp/headlamp/frontend/src/components/cluster/ClusterChooserPopup.tsx
[32m  [read]    [39m/Users/rucha/LFX/headlamp/headlamp/frontend/src/components/cluster/ClusterGroupErrorMessage.stories.tsx
[32m  [read]    [39m/Users/rucha/LFX/headlamp/headlamp/frontend/src/components/cluster/ClusterGroupErrorMessage.tsx
[32m  [read]    [39m/Users/rucha/LFX/headlamp/headlamp/frontend/src/components/cluster/KubeConfigLoader.stories.tsx
[32m  [read]    [39m/Users/rucha/LFX/headlamp/headlamp/frontend/src/components/cluster/KubeConfigLoader.tsx
[32m  [read]    [39m/Users/rucha/LFX/headlamp/headlamp/frontend/src/components/cluster/Overview.stories.tsx
[32m  [read]    [39m/Users/rucha/LFX/headlamp/headlamp/frontend/src/components/cluster/Overview.tsx
[32m  [read]    [39m/Users/rucha/LFX/headlamp/headlamp/frontend/src/components/common/ActionButton/ActionButton.stories.tsx
[32m  [read]    [39m/Users/rucha/LFX/headlamp/headlamp/frontend/src/components/common/ActionButton/ActionButton.tsx
[32m  [read]    [39m/Users/rucha/LFX/headlamp/headlamp/frontend/src/components/common/ActionButton/index.tsx
[32m  [read]    [39m/Users/rucha/LFX/headlamp/headlamp/frontend/src/components/common/ActionsNotifier.stories.tsx
[32m  [read]    [39m/Users/rucha/LFX/headlamp/headlamp/frontend/src/components/common/ActionsNotifier.tsx
[32m  [read]    [39m/Users/rucha/LFX/headlamp/headlamp/frontend/src/components/common/AlertNotification.stories.tsx
[32m  [read]    [39m/Users/rucha/LFX/headlamp/headlamp/frontend/src/components/common/AlertNotification.tsx
[32m  [read]    [39m/Users/rucha/LFX/headlamp/headlamp/frontend/src/components/common/BackLink/BackLink.stories.tsx
[32m  [read]    [39m/Users/rucha/LFX/headlamp/headlamp/frontend/src/components/common/BackLink/BackLink.tsx
[32m  [read]    [39m/Users/rucha/LFX/headlamp/headlamp/frontend/src/components/common/BackLink/index.tsx
[32m  [read]    [39m/Users/rucha/LFX/headlamp/headlamp/frontend/src/components/common/Chart.stories/PercentageCircle.stories.tsx
[32m  [read]    [39m/Users/rucha/LFX/headlamp/headlamp/frontend/src/components/common/Chart.stories/PercentBar.stories.tsx
[32m  [read]    [39m/Users/rucha/LFX/headlamp/headlamp/frontend/src/components/common/Chart.tsx
[32m  [read]    [39m/Users/rucha/LFX/headlamp/headlamp/frontend/src/components/common/ConditionList.stories.tsx
[32m  [read]    [39m/Users/rucha/LFX/headlamp/headlamp/frontend/src/components/common/ConditionList.tsx
[32m  [read]    [39m/Users/rucha/LFX/headlamp/headlamp/frontend/src/components/common/ConfirmButton.stories.tsx
[32m  [read]    [39m/Users/rucha/LFX/headlamp/headlamp/frontend/src/components/common/ConfirmButton.tsx
[32m  [read]    [39m/Users/rucha/LFX/headlamp/headlamp/frontend/src/components/common/ConfirmDialog.stories.tsx
[32m  [read]    [39m/Users/rucha/LFX/headlamp/headlamp/frontend/src/components/common/ConfirmDialog.tsx
[32m  [read]    [39m/Users/rucha/LFX/headlamp/headlamp/frontend/src/components/common/CreateResourceButton.stories.tsx
[32m  [read]    [39m/Users/rucha/LFX/headlamp/headlamp/frontend/src/components/common/CreateResourceButton.tsx
[32m  [read]    [39m/Users/rucha/LFX/headlamp/headlamp/frontend/src/components/common/Dialog.stories.tsx
[32m  [read]    [39m/Users/rucha/LFX/headlamp/headlamp/frontend/src/components/common/Dialog.tsx
[32m  [read]    [39m/Users/rucha/LFX/headlamp/headlamp/frontend/src/components/common/DropZoneBox.stories.tsx
[32m  [read]    [39m/Users/rucha/LFX/headlamp/headlamp/frontend/src/components/common/DropZoneBox.tsx
[32m  [read]    [39m/Users/rucha/LFX/headlamp/headlamp/frontend/src/components/common/EmptyContent.stories.tsx
[32m  [read]    [39m/Users/rucha/LFX/headlamp/headlamp/frontend/src/components/common/EmptyContent.tsx
[32m  [read]    [39m/Users/rucha/LFX/headlamp/headlamp/frontend/src/components/common/ErrorBoundary/ErrorBoundary.stories.tsx
[32m  [read]    [39m/Users/rucha/LFX/headlamp/headlamp/frontend/src/components/common/ErrorBoundary/ErrorBoundary.tsx
[32m  [read]    [39m/Users/rucha/LFX/headlamp/headlamp/frontend/src/components/common/ErrorBoundary/index.tsx
[32m  [read]    [39m/Users/rucha/LFX/headlamp/headlamp/frontend/src/components/common/ErrorPage/ErrorPage.stories.tsx
[32m  [read]    [39m/Users/rucha/LFX/headlamp/headlamp/frontend/src/components/common/ErrorPage/ErrorPage.tsx
[32m  [read]    [39m/Users/rucha/LFX/headlamp/headlamp/frontend/src/components/common/ErrorPage/index.tsx
[32m  [read]    [39m/Users/rucha/LFX/headlamp/headlamp/frontend/src/components/common/EventsLifetimeInfo.tsx
[32m  [read]    [39m/Users/rucha/LFX/headlamp/headlamp/frontend/src/components/common/index.ts
[32m  [read]    [39m/Users/rucha/LFX/headlamp/headlamp/frontend/src/components/common/InnerTable.stories.tsx
[32m  [read]    [39m/Users/rucha/LFX/headlamp/headlamp/frontend/src/components/common/InnerTable.tsx
[32m  [read]    [39m/Users/rucha/LFX/headlamp/headlamp/frontend/src/components/common/Label.stories.tsx
[32m  [read]    [39m/Users/rucha/LFX/headlamp/headlamp/frontend/src/components/common/Label.tsx
[32m  [read]    [39m/Users/rucha/LFX/headlamp/headlamp/frontend/src/components/common/LabelListItem.stories.tsx
[32m  [read]    [39m/Users/rucha/LFX/headlamp/headlamp/frontend/src/components/common/LabelListItem.tsx
[32m  [read]    [39m/Users/rucha/LFX/headlamp/headlamp/frontend/src/components/common/Link.stories.tsx
[32m  [read]    [39m/Users/rucha/LFX/headlamp/headlamp/frontend/src/components/common/Link.tsx
[32m  [read]    [39m/Users/rucha/LFX/headlamp/headlamp/frontend/src/components/common/Loader.stories.tsx
[32m  [read]    [39m/Users/rucha/LFX/headlamp/headlamp/frontend/src/components/common/Loader.tsx
[32m  [read]    [39m/Users/rucha/LFX/headlamp/headlamp/frontend/src/components/common/LogViewer.stories.tsx
[32m  [read]    [39m/Users/rucha/LFX/headlamp/headlamp/frontend/src/components/common/LogViewer.tsx
[32m  [read]    [39m/Users/rucha/LFX/headlamp/headlamp/frontend/src/components/common/NamespacesAutocomplete.stories.tsx
[32m  [read]    [39m/Users/rucha/LFX/headlamp/headlamp/frontend/src/components/common/NamespacesAutocomplete.tsx
[32m  [read]    [39m/Users/rucha/LFX/headlamp/headlamp/frontend/src/components/common/NameValueTable/index.tsx
[32m  [read]    [39m/Users/rucha/LFX/headlamp/headlamp/frontend/src/components/common/NameValueTable/NameValueTable.stories.tsx
[32m  [read]    [39m/Users/rucha/LFX/headlamp/headlamp/frontend/src/components/common/NameValueTable/NameValueTable.tsx
[32m  [read]    [39m/Users/rucha/LFX/headlamp/headlamp/frontend/src/components/common/ObjectEventList.stories.tsx
[32m  [read]    [39m/Users/rucha/LFX/headlamp/headlamp/frontend/src/components/common/ObjectEventList.tsx
[32m  [read]    [39m/Users/rucha/LFX/headlamp/headlamp/frontend/src/components/common/PhaseLabel.stories.tsx
[32m  [read]    [39m/Users/rucha/LFX/headlamp/headlamp/frontend/src/components/common/PhaseLabel.tsx
[32m  [read]    [39m/Users/rucha/LFX/headlamp/headlamp/frontend/src/components/common/ReleaseNotes/htmlImagesToMarkdown.ts
[32m  [read]    [39m/Users/rucha/LFX/headlamp/headlamp/frontend/src/components/common/ReleaseNotes/ReleaseNotes.stories.tsx
[32m  [read]    [39m/Users/rucha/LFX/headlamp/headlamp/frontend/src/components/common/ReleaseNotes/ReleaseNotes.tsx
[32m  [read]    [39m/Users/rucha/LFX/headlamp/headlamp/frontend/src/components/common/ReleaseNotes/ReleaseNotesModal.stories.tsx
[32m  [read]    [39m/Users/rucha/LFX/headlamp/headlamp/frontend/src/components/common/ReleaseNotes/ReleaseNotesModal.tsx
[32m  [read]    [39m/Users/rucha/LFX/headlamp/headlamp/frontend/src/components/common/ReleaseNotes/UpdatePopup.stories.tsx
[32m  [read]    [39m/Users/rucha/LFX/headlamp/headlamp/frontend/src/components/common/ReleaseNotes/UpdatePopup.tsx
[32m  [read]    [39m/Users/rucha/LFX/headlamp/headlamp/frontend/src/components/common/Resource/A8RInfo.tsx
[33m  [warning] [39mKey is not a string literal
[32m  [read]    [39m/Users/rucha/LFX/headlamp/headlamp/frontend/src/components/common/Resource/AuthVisible.tsx
[32m  [read]    [39m/Users/rucha/LFX/headlamp/headlamp/frontend/src/components/common/Resource/CircularChart.tsx
[32m  [read]    [39m/Users/rucha/LFX/headlamp/headlamp/frontend/src/components/common/Resource/CopyableCell.tsx
[32m  [read]    [39m/Users/rucha/LFX/headlamp/headlamp/frontend/src/components/common/Resource/CopyButton.stories.tsx
[32m  [read]    [39m/Users/rucha/LFX/headlamp/headlamp/frontend/src/components/common/Resource/CopyButton.tsx
[32m  [read]    [39m/Users/rucha/LFX/headlamp/headlamp/frontend/src/components/common/Resource/CreateButton.stories.tsx
[32m  [read]    [39m/Users/rucha/LFX/headlamp/headlamp/frontend/src/components/common/Resource/CreateButton.tsx
[32m  [read]    [39m/Users/rucha/LFX/headlamp/headlamp/frontend/src/components/common/Resource/CreateResourceForm/CreateResourceForm.stories.tsx
[32m  [read]    [39m/Users/rucha/LFX/headlamp/headlamp/frontend/src/components/common/Resource/CreateResourceForm/CreateResourceForm.tsx
[32m  [read]    [39m/Users/rucha/LFX/headlamp/headlamp/frontend/src/components/common/Resource/CreateResourceForm/index.tsx
[32m  [read]    [39m/Users/rucha/LFX/headlamp/headlamp/frontend/src/components/common/Resource/CreateResourceForm/useSelectorPodTemplate.ts
[32m  [read]    [39m/Users/rucha/LFX/headlamp/headlamp/frontend/src/components/common/Resource/CreateResourceForm/workloadFields.tsx
[32m  [read]    [39m/Users/rucha/LFX/headlamp/headlamp/frontend/src/components/common/Resource/DeleteButton.stories.tsx
[32m  [read]    [39m/Users/rucha/LFX/headlamp/headlamp/frontend/src/components/common/Resource/DeleteButton.tsx
[32m  [read]    [39m/Users/rucha/LFX/headlamp/headlamp/frontend/src/components/common/Resource/DeleteMultipleButton.tsx
[32m  [read]    [39m/Users/rucha/LFX/headlamp/headlamp/frontend/src/components/common/Resource/DetailsDrawer.tsx
[32m  [read]    [39m/Users/rucha/LFX/headlamp/headlamp/frontend/src/components/common/Resource/DocsViewer.stories.tsx
[32m  [read]    [39m/Users/rucha/LFX/headlamp/headlamp/frontend/src/components/common/Resource/DocsViewer.tsx
[32m  [read]    [39m/Users/rucha/LFX/headlamp/headlamp/frontend/src/components/common/Resource/DownloadButton.stories.tsx
[32m  [read]    [39m/Users/rucha/LFX/headlamp/headlamp/frontend/src/components/common/Resource/DownloadButton.tsx
[32m  [read]    [39m/Users/rucha/LFX/headlamp/headlamp/frontend/src/components/common/Resource/DryRunPreviewDialog.stories.tsx
[32m  [read]    [39m/Users/rucha/LFX/headlamp/headlamp/frontend/src/components/common/Resource/DryRunPreviewDialog.tsx
[32m  [read]    [39m/Users/rucha/LFX/headlamp/headlamp/frontend/src/components/common/Resource/EditButton.tsx
[32m  [read]    [39m/Users/rucha/LFX/headlamp/headlamp/frontend/src/components/common/Resource/EditorDialog.stories.tsx
[32m  [read]    [39m/Users/rucha/LFX/headlamp/headlamp/frontend/src/components/common/Resource/EditorDialog.tsx
[32m  [read]    [39m/Users/rucha/LFX/headlamp/headlamp/frontend/src/components/common/Resource/EnvVarGrid.stories.tsx
[32m  [read]    [39m/Users/rucha/LFX/headlamp/headlamp/frontend/src/components/common/Resource/EnvVarGrid.tsx
[32m  [read]    [39m/Users/rucha/LFX/headlamp/headlamp/frontend/src/components/common/Resource/fetchLatestKubeObject.ts
[32m  [read]    [39m/Users/rucha/LFX/headlamp/headlamp/frontend/src/components/common/Resource/getResourceRowId.ts
[32m  [read]    [39m/Users/rucha/LFX/headlamp/headlamp/frontend/src/components/common/Resource/index.tsx
[32m  [read]    [39m/Users/rucha/LFX/headlamp/headlamp/frontend/src/components/common/Resource/LogsButton.stories.tsx
[32m  [read]    [39m/Users/rucha/LFX/headlamp/headlamp/frontend/src/components/common/Resource/LogsButton.tsx
[32m  [read]    [39m/Users/rucha/LFX/headlamp/headlamp/frontend/src/components/common/Resource/logSeverityFilter.ts
[32m  [read]    [39m/Users/rucha/LFX/headlamp/headlamp/frontend/src/components/common/Resource/MainInfoSection/index.tsx
[32m  [read]    [39m/Users/rucha/LFX/headlamp/headlamp/frontend/src/components/common/Resource/MainInfoSection/MainInfoSection.stories.tsx
[32m  [read]    [39m/Users/rucha/LFX/headlamp/headlamp/frontend/src/components/common/Resource/MainInfoSection/MainInfoSection.tsx
[32m  [read]    [39m/Users/rucha/LFX/headlamp/headlamp/frontend/src/components/common/Resource/MainInfoSection/MainInfoSectionHeader.tsx
[32m  [read]    [39m/Users/rucha/LFX/headlamp/headlamp/frontend/src/components/common/Resource/MatchExpressions.stories.tsx
[32m  [read]    [39m/Users/rucha/LFX/headlamp/headlamp/frontend/src/components/common/Resource/MatchExpressions.tsx
[32m  [read]    [39m/Users/rucha/LFX/headlamp/headlamp/frontend/src/components/common/Resource/MetadataDisplay.stories.tsx
[32m  [read]    [39m/Users/rucha/LFX/headlamp/headlamp/frontend/src/components/common/Resource/MetadataDisplay.tsx
[32m  [read]    [39m/Users/rucha/LFX/headlamp/headlamp/frontend/src/components/common/Resource/PortForward.tsx
[32m  [read]    [39m/Users/rucha/LFX/headlamp/headlamp/frontend/src/components/common/Resource/Resource.tsx
[32m  [read]    [39m/Users/rucha/LFX/headlamp/headlamp/frontend/src/components/common/Resource/ResourceListView.stories.tsx
[32m  [read]    [39m/Users/rucha/LFX/headlamp/headlamp/frontend/src/components/common/Resource/ResourceListView.tsx
[32m  [read]    [39m/Users/rucha/LFX/headlamp/headlamp/frontend/src/components/common/Resource/ResourceTable.stories.tsx
[32m  [read]    [39m/Users/rucha/LFX/headlamp/headlamp/frontend/src/components/common/Resource/ResourceTable.tsx
[33m  [warning] [39mKey is not a string literal
[32m  [read]    [39m/Users/rucha/LFX/headlamp/headlamp/frontend/src/components/common/Resource/ResourceTableColumnChooser.stories.tsx
[32m  [read]    [39m/Users/rucha/LFX/headlamp/headlamp/frontend/src/components/common/Resource/ResourceTableColumnChooser.tsx
[32m  [read]    [39m/Users/rucha/LFX/headlamp/headlamp/frontend/src/components/common/Resource/ResourceTableMultiActions.stories.tsx
[32m  [read]    [39m/Users/rucha/LFX/headlamp/headlamp/frontend/src/components/common/Resource/ResourceTableMultiActions.tsx
[32m  [read]    [39m/Users/rucha/LFX/headlamp/headlamp/frontend/src/components/common/Resource/resourceTableSlice.ts
[32m  [read]    [39m/Users/rucha/LFX/headlamp/headlamp/frontend/src/components/common/Resource/RestartButton.stories.tsx
[32m  [read]    [39m/Users/rucha/LFX/headlamp/headlamp/frontend/src/components/common/Resource/RestartButton.tsx
[32m  [read]    [39m/Users/rucha/LFX/headlamp/headlamp/frontend/src/components/common/Resource/RestartMultipleButton.stories.tsx
[32m  [read]    [39m/Users/rucha/LFX/headlamp/headlamp/frontend/src/components/common/Resource/RestartMultipleButton.tsx
[32m  [read]    [39m/Users/rucha/LFX/headlamp/headlamp/frontend/src/components/common/Resource/RevisionHistorySection.tsx
[32m  [read]    [39m/Users/rucha/LFX/headlamp/headlamp/frontend/src/components/common/Resource/RollbackButton.stories.tsx
[32m  [read]    [39m/Users/rucha/LFX/headlamp/headlamp/frontend/src/components/common/Resource/RollbackButton.tsx
[32m  [read]    [39m/Users/rucha/LFX/headlamp/headlamp/frontend/src/components/common/Resource/RollbackDialog.tsx
[32m  [read]    [39m/Users/rucha/LFX/headlamp/headlamp/frontend/src/components/common/Resource/ScaleButton.stories.tsx
[32m  [read]    [39m/Users/rucha/LFX/headlamp/headlamp/frontend/src/components/common/Resource/ScaleButton.tsx
[32m  [read]    [39m/Users/rucha/LFX/headlamp/headlamp/frontend/src/components/common/Resource/ScaleMultipleButton.stories.tsx
[32m  [read]    [39m/Users/rucha/LFX/headlamp/headlamp/frontend/src/components/common/Resource/ScaleMultipleButton.tsx
[32m  [read]    [39m/Users/rucha/LFX/headlamp/headlamp/frontend/src/components/common/Resource/SimpleEditor.stories.tsx
[32m  [read]    [39m/Users/rucha/LFX/headlamp/headlamp/frontend/src/components/common/Resource/SimpleEditor.tsx
[32m  [read]    [39m/Users/rucha/LFX/headlamp/headlamp/frontend/src/components/common/Resource/UploadDialog.stories.tsx
[32m  [read]    [39m/Users/rucha/LFX/headlamp/headlamp/frontend/src/components/common/Resource/UploadDialog.tsx
[32m  [read]    [39m/Users/rucha/LFX/headlamp/headlamp/frontend/src/components/common/Resource/ViewButton.stories.tsx
[32m  [read]    [39m/Users/rucha/LFX/headlamp/headlamp/frontend/src/components/common/Resource/ViewButton.tsx
[32m  [read]    [39m/Users/rucha/LFX/headlamp/headlamp/frontend/src/components/common/SectionBox.stories.tsx
[32m  [read]    [39m/Users/rucha/LFX/headlamp/headlamp/frontend/src/components/common/SectionBox.tsx
[32m  [read]    [39m/Users/rucha/LFX/headlamp/headlamp/frontend/src/components/common/SectionFilterHeader.stories.tsx
[32m  [read]    [39m/Users/rucha/LFX/headlamp/headlamp/frontend/src/components/common/SectionFilterHeader.tsx
[32m  [read]    [39m/Users/rucha/LFX/headlamp/headlamp/frontend/src/components/common/SectionHeader.stories.tsx
[32m  [read]    [39m/Users/rucha/LFX/headlamp/headlamp/frontend/src/components/common/SectionHeader.tsx
[32m  [read]    [39m/Users/rucha/LFX/headlamp/headlamp/frontend/src/components/common/ShowHideLabel/index.tsx
[32m  [read]    [39m/Users/rucha/LFX/headlamp/headlamp/frontend/src/components/common/ShowHideLabel/ShowHideLabel.stories.tsx
[32m  [read]    [39m/Users/rucha/LFX/headlamp/headlamp/frontend/src/components/common/ShowHideLabel/ShowHideLabel.tsx
[32m  [read]    [39m/Users/rucha/LFX/headlamp/headlamp/frontend/src/components/common/SimpleTable.stories.tsx
[32m  [read]    [39m/Users/rucha/LFX/headlamp/headlamp/frontend/src/components/common/SimpleTable.tsx
[32m  [read]    [39m/Users/rucha/LFX/headlamp/headlamp/frontend/src/components/common/Table/ColumnVisibilityButton.tsx
[32m  [read]    [39m/Users/rucha/LFX/headlamp/headlamp/frontend/src/components/common/Table/index.tsx
[32m  [read]    [39m/Users/rucha/LFX/headlamp/headlamp/frontend/src/components/common/Table/Table.stories.tsx
[32m  [read]    [39m/Users/rucha/LFX/headlamp/headlamp/frontend/src/components/common/Table/Table.tsx
[32m  [read]    [39m/Users/rucha/LFX/headlamp/headlamp/frontend/src/components/common/Table/tableLocalization.ts
[32m  [read]    [39m/Users/rucha/LFX/headlamp/headlamp/frontend/src/components/common/Tabs.stories.tsx
[32m  [read]    [39m/Users/rucha/LFX/headlamp/headlamp/frontend/src/components/common/Tabs.tsx
[32m  [read]    [39m/Users/rucha/LFX/headlamp/headlamp/frontend/src/components/common/Terminal.stories.tsx
[32m  [read]    [39m/Users/rucha/LFX/headlamp/headlamp/frontend/src/components/common/Terminal.tsx
[32m  [read]    [39m/Users/rucha/LFX/headlamp/headlamp/frontend/src/components/common/TileChart/index.tsx
[32m  [read]    [39m/Users/rucha/LFX/headlamp/headlamp/frontend/src/components/common/TileChart/TileChart.stories.tsx
[32m  [read]    [39m/Users/rucha/LFX/headlamp/headlamp/frontend/src/components/common/TileChart/TileChart.tsx
[32m  [read]    [39m/Users/rucha/LFX/headlamp/headlamp/frontend/src/components/common/TimezoneSelect/index.tsx
[32m  [read]    [39m/Users/rucha/LFX/headlamp/headlamp/frontend/src/components/common/TimezoneSelect/TimezoneSelect.stories.tsx
[32m  [read]    [39m/Users/rucha/LFX/headlamp/headlamp/frontend/src/components/common/TimezoneSelect/TimezoneSelect.tsx
[32m  [read]    [39m/Users/rucha/LFX/headlamp/headlamp/frontend/src/components/common/Tooltip/index.tsx
[32m  [read]    [39m/Users/rucha/LFX/headlamp/headlamp/frontend/src/components/common/Tooltip/TooltipIcon.stories.tsx
[32m  [read]    [39m/Users/rucha/LFX/headlamp/headlamp/frontend/src/components/common/Tooltip/TooltipIcon.tsx
[32m  [read]    [39m/Users/rucha/LFX/headlamp/headlamp/frontend/src/components/common/Tooltip/TooltipLight.stories.tsx
[32m  [read]    [39m/Users/rucha/LFX/headlamp/headlamp/frontend/src/components/common/Tooltip/TooltipLight.tsx
[32m  [read]    [39m/Users/rucha/LFX/headlamp/headlamp/frontend/src/components/common/xtermTheme.ts
[32m  [read]    [39m/Users/rucha/LFX/headlamp/headlamp/frontend/src/components/configmap/Details.stories.tsx
[32m  [read]    [39m/Users/rucha/LFX/headlamp/headlamp/frontend/src/components/configmap/Details.tsx
[32m  [read]    [39m/Users/rucha/LFX/headlamp/headlamp/frontend/src/components/configmap/List.stories.tsx
[32m  [read]    [39m/Users/rucha/LFX/headlamp/headlamp/frontend/src/components/configmap/List.tsx
[32m  [read]    [39m/Users/rucha/LFX/headlamp/headlamp/frontend/src/components/configmap/storyHelper.ts
[32m  [read]    [39m/Users/rucha/LFX/headlamp/headlamp/frontend/src/components/crd/crInstancesKey.ts
[32m  [read]    [39m/Users/rucha/LFX/headlamp/headlamp/frontend/src/components/crd/CustomResourceDefinition.stories.tsx
[32m  [read]    [39m/Users/rucha/LFX/headlamp/headlamp/frontend/src/components/crd/CustomResourceDetails.stories.tsx
[32m  [read]    [39m/Users/rucha/LFX/headlamp/headlamp/frontend/src/components/crd/CustomResourceDetails.tsx
[32m  [read]    [39m/Users/rucha/LFX/headlamp/headlamp/frontend/src/components/crd/CustomResourceInstancesList.tsx
[32m  [read]    [39m/Users/rucha/LFX/headlamp/headlamp/frontend/src/components/crd/CustomResourceList.stories.tsx
[32m  [read]    [39m/Users/rucha/LFX/headlamp/headlamp/frontend/src/components/crd/CustomResourceList.tsx
[32m  [read]    [39m/Users/rucha/LFX/headlamp/headlamp/frontend/src/components/crd/Details.tsx
[32m  [read]    [39m/Users/rucha/LFX/headlamp/headlamp/frontend/src/components/crd/List.tsx
[32m  [read]    [39m/Users/rucha/LFX/headlamp/headlamp/frontend/src/components/crd/storyHelper.ts
[32m  [read]    [39m/Users/rucha/LFX/headlamp/headlamp/frontend/src/components/cronjob/CreateCronJobForm.stories.tsx
[32m  [read]    [39m/Users/rucha/LFX/headlamp/headlamp/frontend/src/components/cronjob/CreateCronJobForm.tsx
[32m  [read]    [39m/Users/rucha/LFX/headlamp/headlamp/frontend/src/components/cronjob/CronJobDetails.stories.tsx
[32m  [read]    [39m/Users/rucha/LFX/headlamp/headlamp/frontend/src/components/cronjob/Details.tsx
[32m  [read]    [39m/Users/rucha/LFX/headlamp/headlamp/frontend/src/components/cronjob/List.stories.tsx
[32m  [read]    [39m/Users/rucha/LFX/headlamp/headlamp/frontend/src/components/cronjob/List.tsx
[32m  [read]    [39m/Users/rucha/LFX/headlamp/headlamp/frontend/src/components/cronjob/storyHelper.ts
[32m  [read]    [39m/Users/rucha/LFX/headlamp/headlamp/frontend/src/components/daemonset/CreateDaemonSetForm.tsx
[32m  [read]    [39m/Users/rucha/LFX/headlamp/headlamp/frontend/src/components/daemonset/Details.stories.tsx
[32m  [read]    [39m/Users/rucha/LFX/headlamp/headlamp/frontend/src/components/daemonset/Details.tsx
[32m  [read]    [39m/Users/rucha/LFX/headlamp/headlamp/frontend/src/components/daemonset/List.stories.tsx
[32m  [read]    [39m/Users/rucha/LFX/headlamp/headlamp/frontend/src/components/daemonset/List.tsx
[32m  [read]    [39m/Users/rucha/LFX/headlamp/headlamp/frontend/src/components/daemonset/storyHelper.ts
[32m  [read]    [39m/Users/rucha/LFX/headlamp/headlamp/frontend/src/components/deployments/CreateDeploymentForm.stories.tsx
[32m  [read]    [39m/Users/rucha/LFX/headlamp/headlamp/frontend/src/components/deployments/CreateDeploymentForm.tsx
[32m  [read]    [39m/Users/rucha/LFX/headlamp/headlamp/frontend/src/components/deployments/List.stories.tsx
[32m  [read]    [39m/Users/rucha/LFX/headlamp/headlamp/frontend/src/components/deployments/List.tsx
[32m  [read]    [39m/Users/rucha/LFX/headlamp/headlamp/frontend/src/components/DetailsViewSection/DetailsViewSection.stories.tsx
[32m  [read]    [39m/Users/rucha/LFX/headlamp/headlamp/frontend/src/components/DetailsViewSection/DetailsViewSection.tsx
[32m  [read]    [39m/Users/rucha/LFX/headlamp/headlamp/frontend/src/components/DetailsViewSection/detailsViewSectionSlice.ts
[32m  [read]    [39m/Users/rucha/LFX/headlamp/headlamp/frontend/src/components/DetailsViewSection/index.tsx
[32m  [read]    [39m/Users/rucha/LFX/headlamp/headlamp/frontend/src/components/diagnostics/Diagnostics.stories.tsx
[32m  [read]    [39m/Users/rucha/LFX/headlamp/headlamp/frontend/src/components/diagnostics/Diagnostics.tsx
[32m  [read]    [39m/Users/rucha/LFX/headlamp/headlamp/frontend/src/components/diagnostics/storyHelper.ts
[32m  [read]    [39m/Users/rucha/LFX/headlamp/headlamp/frontend/src/components/endpoints/Details.tsx
[32m  [read]    [39m/Users/rucha/LFX/headlamp/headlamp/frontend/src/components/endpoints/EndpointDetails.stories.tsx
[32m  [read]    [39m/Users/rucha/LFX/headlamp/headlamp/frontend/src/components/endpoints/EndpointList.stories.tsx
[32m  [read]    [39m/Users/rucha/LFX/headlamp/headlamp/frontend/src/components/endpoints/List.tsx
[32m  [read]    [39m/Users/rucha/LFX/headlamp/headlamp/frontend/src/components/endpointSlices/Details.tsx
[32m  [read]    [39m/Users/rucha/LFX/headlamp/headlamp/frontend/src/components/endpointSlices/EndpointSliceDetails.stories.tsx
[32m  [read]    [39m/Users/rucha/LFX/headlamp/headlamp/frontend/src/components/endpointSlices/EndpointSliceList.stories.tsx
[32m  [read]    [39m/Users/rucha/LFX/headlamp/headlamp/frontend/src/components/endpointSlices/List.tsx
[32m  [read]    [39m/Users/rucha/LFX/headlamp/headlamp/frontend/src/components/gateway/BackendTLSPolicyDetails.stories.tsx
[32m  [read]    [39m/Users/rucha/LFX/headlamp/headlamp/frontend/src/components/gateway/BackendTLSPolicyDetails.tsx
[32m  [read]    [39m/Users/rucha/LFX/headlamp/headlamp/frontend/src/components/gateway/BackendTLSPolicyList.stories.tsx
[32m  [read]    [39m/Users/rucha/LFX/headlamp/headlamp/frontend/src/components/gateway/BackendTLSPolicyList.tsx
[32m  [read]    [39m/Users/rucha/LFX/headlamp/headlamp/frontend/src/components/gateway/BackendTrafficPolicyDetails.stories.tsx
[32m  [read]    [39m/Users/rucha/LFX/headlamp/headlamp/frontend/src/components/gateway/BackendTrafficPolicyDetails.tsx
[32m  [read]    [39m/Users/rucha/LFX/headlamp/headlamp/frontend/src/components/gateway/BackendTrafficPolicyList.stories.tsx
[32m  [read]    [39m/Users/rucha/LFX/headlamp/headlamp/frontend/src/components/gateway/BackendTrafficPolicyList.tsx
[32m  [read]    [39m/Users/rucha/LFX/headlamp/headlamp/frontend/src/components/gateway/ClassDetails.stories.tsx
[32m  [read]    [39m/Users/rucha/LFX/headlamp/headlamp/frontend/src/components/gateway/ClassDetails.tsx
[32m  [read]    [39m/Users/rucha/LFX/headlamp/headlamp/frontend/src/components/gateway/ClassList.stories.tsx
[32m  [read]    [39m/Users/rucha/LFX/headlamp/headlamp/frontend/src/components/gateway/ClassList.tsx
[32m  [read]    [39m/Users/rucha/LFX/headlamp/headlamp/frontend/src/components/gateway/GatewayDetails.stories.tsx
[32m  [read]    [39m/Users/rucha/LFX/headlamp/headlamp/frontend/src/components/gateway/GatewayDetails.tsx
[32m  [read]    [39m/Users/rucha/LFX/headlamp/headlamp/frontend/src/components/gateway/GatewayList.stories.tsx
[32m  [read]    [39m/Users/rucha/LFX/headlamp/headlamp/frontend/src/components/gateway/GatewayList.tsx
[32m  [read]    [39m/Users/rucha/LFX/headlamp/headlamp/frontend/src/components/gateway/GRPCRouteDetails.stories.tsx
[32m  [read]    [39m/Users/rucha/LFX/headlamp/headlamp/frontend/src/components/gateway/GRPCRouteDetails.tsx
[32m  [read]    [39m/Users/rucha/LFX/headlamp/headlamp/frontend/src/components/gateway/GRPCRouteList.stories.tsx
[32m  [read]    [39m/Users/rucha/LFX/headlamp/headlamp/frontend/src/components/gateway/GRPCRouteList.tsx
[32m  [read]    [39m/Users/rucha/LFX/headlamp/headlamp/frontend/src/components/gateway/HTTPRouteDetails.stories.tsx
[32m  [read]    [39m/Users/rucha/LFX/headlamp/headlamp/frontend/src/components/gateway/HTTPRouteDetails.tsx
[32m  [read]    [39m/Users/rucha/LFX/headlamp/headlamp/frontend/src/components/gateway/HTTPRouteList.stories.tsx
[32m  [read]    [39m/Users/rucha/LFX/headlamp/headlamp/frontend/src/components/gateway/HTTPRouteList.tsx
[32m  [read]    [39m/Users/rucha/LFX/headlamp/headlamp/frontend/src/components/gateway/L4RouteDetails.tsx
[32m  [read]    [39m/Users/rucha/LFX/headlamp/headlamp/frontend/src/components/gateway/L4RouteList.tsx
[32m  [read]    [39m/Users/rucha/LFX/headlamp/headlamp/frontend/src/components/gateway/ReferenceGrantDetails.stories.tsx
[32m  [read]    [39m/Users/rucha/LFX/headlamp/headlamp/frontend/src/components/gateway/ReferenceGrantDetails.tsx
[32m  [read]    [39m/Users/rucha/LFX/headlamp/headlamp/frontend/src/components/gateway/ReferenceGrantList.stories.tsx
[32m  [read]    [39m/Users/rucha/LFX/headlamp/headlamp/frontend/src/components/gateway/ReferenceGrantList.tsx
[32m  [read]    [39m/Users/rucha/LFX/headlamp/headlamp/frontend/src/components/gateway/storyHelper.ts
[32m  [read]    [39m/Users/rucha/LFX/headlamp/headlamp/frontend/src/components/gateway/TCPRouteDetails.stories.tsx
[32m  [read]    [39m/Users/rucha/LFX/headlamp/headlamp/frontend/src/components/gateway/TCPRouteDetails.tsx
[32m  [read]    [39m/Users/rucha/LFX/headlamp/headlamp/frontend/src/components/gateway/TCPRouteList.stories.tsx
[32m  [read]    [39m/Users/rucha/LFX/headlamp/headlamp/frontend/src/components/gateway/TCPRouteList.tsx
[32m  [read]    [39m/Users/rucha/LFX/headlamp/headlamp/frontend/src/components/gateway/UDPRouteDetails.stories.tsx
[32m  [read]    [39m/Users/rucha/LFX/headlamp/headlamp/frontend/src/components/gateway/UDPRouteDetails.tsx
[32m  [read]    [39m/Users/rucha/LFX/headlamp/headlamp/frontend/src/components/gateway/UDPRouteList.stories.tsx
[32m  [read]    [39m/Users/rucha/LFX/headlamp/headlamp/frontend/src/components/gateway/UDPRouteList.tsx
[32m  [read]    [39m/Users/rucha/LFX/headlamp/headlamp/frontend/src/components/gateway/utils.tsx
[32m  [read]    [39m/Users/rucha/LFX/headlamp/headlamp/frontend/src/components/globalSearch/Delayed.tsx
[32m  [read]    [39m/Users/rucha/LFX/headlamp/headlamp/frontend/src/components/globalSearch/GlobalSearch.stories.tsx
[32m  [read]    [39m/Users/rucha/LFX/headlamp/headlamp/frontend/src/components/globalSearch/GlobalSearch.tsx
[32m  [read]    [39m/Users/rucha/LFX/headlamp/headlamp/frontend/src/components/globalSearch/GlobalSearchContent.stories.tsx
[32m  [read]    [39m/Users/rucha/LFX/headlamp/headlamp/frontend/src/components/globalSearch/GlobalSearchContent.tsx
[32m  [read]    [39m/Users/rucha/LFX/headlamp/headlamp/frontend/src/components/globalSearch/useLocalStorageState.tsx
[32m  [read]    [39m/Users/rucha/LFX/headlamp/headlamp/frontend/src/components/globalSearch/useRecent.tsx
[32m  [read]    [39m/Users/rucha/LFX/headlamp/headlamp/frontend/src/components/horizontalPodAutoscaler/Details.tsx
[32m  [read]    [39m/Users/rucha/LFX/headlamp/headlamp/frontend/src/components/horizontalPodAutoscaler/HPADetails.stories.tsx
[32m  [read]    [39m/Users/rucha/LFX/headlamp/headlamp/frontend/src/components/horizontalPodAutoscaler/HPAList.stories.tsx
[32m  [read]    [39m/Users/rucha/LFX/headlamp/headlamp/frontend/src/components/horizontalPodAutoscaler/List.tsx
[32m  [read]    [39m/Users/rucha/LFX/headlamp/headlamp/frontend/src/components/ingress/ClassDetails.stories.tsx
[32m  [read]    [39m/Users/rucha/LFX/headlamp/headlamp/frontend/src/components/ingress/ClassDetails.tsx
[32m  [read]    [39m/Users/rucha/LFX/headlamp/headlamp/frontend/src/components/ingress/ClassList.stories.tsx
[32m  [read]    [39m/Users/rucha/LFX/headlamp/headlamp/frontend/src/components/ingress/ClassList.tsx
[32m  [read]    [39m/Users/rucha/LFX/headlamp/headlamp/frontend/src/components/ingress/Details.stories.tsx
[32m  [read]    [39m/Users/rucha/LFX/headlamp/headlamp/frontend/src/components/ingress/Details.tsx
[32m  [read]    [39m/Users/rucha/LFX/headlamp/headlamp/frontend/src/components/ingress/LinkStringFormat.stories.tsx
[32m  [read]    [39m/Users/rucha/LFX/headlamp/headlamp/frontend/src/components/ingress/List.stories.tsx
[32m  [read]    [39m/Users/rucha/LFX/headlamp/headlamp/frontend/src/components/ingress/List.tsx
[32m  [read]    [39m/Users/rucha/LFX/headlamp/headlamp/frontend/src/components/ingress/storyHelper.ts
[32m  [read]    [39m/Users/rucha/LFX/headlamp/headlamp/frontend/src/components/job/CreateJobForm.stories.tsx
[32m  [read]    [39m/Users/rucha/LFX/headlamp/headlamp/frontend/src/components/job/CreateJobForm.tsx
[32m  [read]    [39m/Users/rucha/LFX/headlamp/headlamp/frontend/src/components/job/Details.stories.tsx
[32m  [read]    [39m/Users/rucha/LFX/headlamp/headlamp/frontend/src/components/job/Details.tsx
[32m  [read]    [39m/Users/rucha/LFX/headlamp/headlamp/frontend/src/components/job/JobList.stories.tsx
[32m  [read]    [39m/Users/rucha/LFX/headlamp/headlamp/frontend/src/components/job/List.tsx
[32m  [read]    [39m/Users/rucha/LFX/headlamp/headlamp/frontend/src/components/job/storyHelper.ts
[32m  [read]    [39m/Users/rucha/LFX/headlamp/headlamp/frontend/src/components/jobset/JobSetList.stories.tsx
[32m  [read]    [39m/Users/rucha/LFX/headlamp/headlamp/frontend/src/components/jobset/List.tsx
[32m  [read]    [39m/Users/rucha/LFX/headlamp/headlamp/frontend/src/components/jobset/storyHelper.ts
[32m  [read]    [39m/Users/rucha/LFX/headlamp/headlamp/frontend/src/components/leaderworkerset/LeaderWorkerSetList.stories.tsx
[32m  [read]    [39m/Users/rucha/LFX/headlamp/headlamp/frontend/src/components/leaderworkerset/List.tsx
[32m  [read]    [39m/Users/rucha/LFX/headlamp/headlamp/frontend/src/components/leaderworkerset/storyHelper.ts
[32m  [read]    [39m/Users/rucha/LFX/headlamp/headlamp/frontend/src/components/lease/Details.stories.tsx
[32m  [read]    [39m/Users/rucha/LFX/headlamp/headlamp/frontend/src/components/lease/Details.tsx
[32m  [read]    [39m/Users/rucha/LFX/headlamp/headlamp/frontend/src/components/lease/List.stories.tsx
[32m  [read]    [39m/Users/rucha/LFX/headlamp/headlamp/frontend/src/components/lease/List.tsx
[32m  [read]    [39m/Users/rucha/LFX/headlamp/headlamp/frontend/src/components/lease/storyHelper.ts
[32m  [read]    [39m/Users/rucha/LFX/headlamp/headlamp/frontend/src/components/limitRange/Details.stories.tsx
[32m  [read]    [39m/Users/rucha/LFX/headlamp/headlamp/frontend/src/components/limitRange/Details.tsx
[32m  [read]    [39m/Users/rucha/LFX/headlamp/headlamp/frontend/src/components/limitRange/List.stories.tsx
[32m  [read]    [39m/Users/rucha/LFX/headlamp/headlamp/frontend/src/components/limitRange/List.tsx
[32m  [read]    [39m/Users/rucha/LFX/headlamp/headlamp/frontend/src/components/limitRange/storyHelper.ts
[32m  [read]    [39m/Users/rucha/LFX/headlamp/headlamp/frontend/src/components/monaco/MonacoEditorLoaderInitializer.tsx
[32m  [read]    [39m/Users/rucha/LFX/headlamp/headlamp/frontend/src/components/namespace/CreateNamespaceButton.stories.tsx
[32m  [read]    [39m/Users/rucha/LFX/headlamp/headlamp/frontend/src/components/namespace/CreateNamespaceButton.tsx
[32m  [read]    [39m/Users/rucha/LFX/headlamp/headlamp/frontend/src/components/namespace/Details.tsx
[32m  [read]    [39m/Users/rucha/LFX/headlamp/headlamp/frontend/src/components/namespace/List.tsx
[32m  [read]    [39m/Users/rucha/LFX/headlamp/headlamp/frontend/src/components/namespace/NamespaceDetails.stories.tsx
[32m  [read]    [39m/Users/rucha/LFX/headlamp/headlamp/frontend/src/components/namespace/NamespaceList.stories.tsx
[32m  [read]    [39m/Users/rucha/LFX/headlamp/headlamp/frontend/src/components/networkpolicy/Details.stories.tsx
[32m  [read]    [39m/Users/rucha/LFX/headlamp/headlamp/frontend/src/components/networkpolicy/Details.tsx
[32m  [read]    [39m/Users/rucha/LFX/headlamp/headlamp/frontend/src/components/networkpolicy/List.stories.tsx
[32m  [read]    [39m/Users/rucha/LFX/headlamp/headlamp/frontend/src/components/networkpolicy/List.tsx
[32m  [read]    [39m/Users/rucha/LFX/headlamp/headlamp/frontend/src/components/networkpolicy/storyHelper.ts
[32m  [read]    [39m/Users/rucha/LFX/headlamp/headlamp/frontend/src/components/node/Charts.stories.tsx
[32m  [read]    [39m/Users/rucha/LFX/headlamp/headlamp/frontend/src/components/node/Charts.tsx
[32m  [read]    [39m/Users/rucha/LFX/headlamp/headlamp/frontend/src/components/node/Details.stories.tsx
[32m  [read]    [39m/Users/rucha/LFX/headlamp/headlamp/frontend/src/components/node/Details.tsx
[32m  [read]    [39m/Users/rucha/LFX/headlamp/headlamp/frontend/src/components/node/List.stories.tsx
[32m  [read]    [39m/Users/rucha/LFX/headlamp/headlamp/frontend/src/components/node/List.tsx
[32m  [read]    [39m/Users/rucha/LFX/headlamp/headlamp/frontend/src/components/node/NodeShellAction.tsx
[32m  [read]    [39m/Users/rucha/LFX/headlamp/headlamp/frontend/src/components/node/NodeShellTerminal.tsx
[32m  [read]    [39m/Users/rucha/LFX/headlamp/headlamp/frontend/src/components/node/storyHelper.ts
[32m  [read]    [39m/Users/rucha/LFX/headlamp/headlamp/frontend/src/components/node/upgradeDetection.ts
[32m  [read]    [39m/Users/rucha/LFX/headlamp/headlamp/frontend/src/components/node/upgradeState.ts
[32m  [read]    [39m/Users/rucha/LFX/headlamp/headlamp/frontend/src/components/node/UpgradeVisualizationPanel.stories.tsx
[32m  [read]    [39m/Users/rucha/LFX/headlamp/headlamp/frontend/src/components/node/UpgradeVisualizationPanel.tsx
[32m  [read]    [39m/Users/rucha/LFX/headlamp/headlamp/frontend/src/components/node/utils.tsx
[32m  [read]    [39m/Users/rucha/LFX/headlamp/headlamp/frontend/src/components/oidcauth/constants.ts
[32m  [read]    [39m/Users/rucha/LFX/headlamp/headlamp/frontend/src/components/oidcauth/index.tsx
[32m  [read]    [39m/Users/rucha/LFX/headlamp/headlamp/frontend/src/components/oidcauth/OauthPopup.stories.tsx
[32m  [read]    [39m/Users/rucha/LFX/headlamp/headlamp/frontend/src/components/oidcauth/OauthPopup.tsx
[32m  [read]    [39m/Users/rucha/LFX/headlamp/headlamp/frontend/src/components/pod/CreatePodForm.stories.tsx
[32m  [read]    [39m/Users/rucha/LFX/headlamp/headlamp/frontend/src/components/pod/CreatePodForm.tsx
[32m  [read]    [39m/Users/rucha/LFX/headlamp/headlamp/frontend/src/components/pod/Details.tsx
[32m  [read]    [39m/Users/rucha/LFX/headlamp/headlamp/frontend/src/components/pod/jsonHandling.ts
[32m  [read]    [39m/Users/rucha/LFX/headlamp/headlamp/frontend/src/components/pod/List.tsx
[32m  [read]    [39m/Users/rucha/LFX/headlamp/headlamp/frontend/src/components/pod/PodDebugAction.tsx
[32m  [read]    [39m/Users/rucha/LFX/headlamp/headlamp/frontend/src/components/pod/PodDebugTerminal.stories.tsx
[32m  [read]    [39m/Users/rucha/LFX/headlamp/headlamp/frontend/src/components/pod/PodDebugTerminal.tsx
[32m  [read]    [39m/Users/rucha/LFX/headlamp/headlamp/frontend/src/components/pod/PodDetails.stories.tsx
[32m  [read]    [39m/Users/rucha/LFX/headlamp/headlamp/frontend/src/components/pod/podDetailsVolumeSection.stories.tsx
[32m  [read]    [39m/Users/rucha/LFX/headlamp/headlamp/frontend/src/components/pod/PodList.stories.tsx
[32m  [read]    [39m/Users/rucha/LFX/headlamp/headlamp/frontend/src/components/pod/PodLogs.stories.tsx
[32m  [read]    [39m/Users/rucha/LFX/headlamp/headlamp/frontend/src/components/pod/storyHelper.ts
[32m  [read]    [39m/Users/rucha/LFX/headlamp/headlamp/frontend/src/components/podDisruptionBudget/Details.tsx
[32m  [read]    [39m/Users/rucha/LFX/headlamp/headlamp/frontend/src/components/podDisruptionBudget/List.tsx
[32m  [read]    [39m/Users/rucha/LFX/headlamp/headlamp/frontend/src/components/podDisruptionBudget/pdbDetails.stories.tsx
[32m  [read]    [39m/Users/rucha/LFX/headlamp/headlamp/frontend/src/components/podDisruptionBudget/pdbList.stories.tsx
[32m  [read]    [39m/Users/rucha/LFX/headlamp/headlamp/frontend/src/components/podGroup/Details.stories.tsx
[32m  [read]    [39m/Users/rucha/LFX/headlamp/headlamp/frontend/src/components/podGroup/Details.tsx
[32m  [read]    [39m/Users/rucha/LFX/headlamp/headlamp/frontend/src/components/podGroup/List.stories.tsx
[32m  [read]    [39m/Users/rucha/LFX/headlamp/headlamp/frontend/src/components/podGroup/List.tsx
[32m  [read]    [39m/Users/rucha/LFX/headlamp/headlamp/frontend/src/components/podGroup/storyHelper.ts
[32m  [read]    [39m/Users/rucha/LFX/headlamp/headlamp/frontend/src/components/portforward/index.tsx
[32m  [read]    [39m/Users/rucha/LFX/headlamp/headlamp/frontend/src/components/portforward/PortForwardStartDialog.tsx
[32m  [read]    [39m/Users/rucha/LFX/headlamp/headlamp/frontend/src/components/priorityClass/Details.tsx
[32m  [read]    [39m/Users/rucha/LFX/headlamp/headlamp/frontend/src/components/priorityClass/List.tsx
[32m  [read]    [39m/Users/rucha/LFX/headlamp/headlamp/frontend/src/components/priorityClass/priorityClassDetails.stories.tsx
[32m  [read]    [39m/Users/rucha/LFX/headlamp/headlamp/frontend/src/components/priorityClass/priorityClassList.stories.tsx
[32m  [read]    [39m/Users/rucha/LFX/headlamp/headlamp/frontend/src/components/project/NewProjectPopup.stories.tsx
[32m  [read]    [39m/Users/rucha/LFX/headlamp/headlamp/frontend/src/components/project/NewProjectPopup.tsx
[32m  [read]    [39m/Users/rucha/LFX/headlamp/headlamp/frontend/src/components/project/ProjectCreateFromYaml.stories.tsx
[32m  [read]    [39m/Users/rucha/LFX/headlamp/headlamp/frontend/src/components/project/ProjectCreateFromYaml.tsx
[32m  [read]    [39m/Users/rucha/LFX/headlamp/headlamp/frontend/src/components/project/ProjectDeleteButton.stories.tsx
[32m  [read]    [39m/Users/rucha/LFX/headlamp/headlamp/frontend/src/components/project/ProjectDeleteButton.tsx
[32m  [read]    [39m/Users/rucha/LFX/headlamp/headlamp/frontend/src/components/project/ProjectDeleteDialog.tsx
[32m  [read]    [39m/Users/rucha/LFX/headlamp/headlamp/frontend/src/components/project/ProjectDetails.stories.tsx
[32m  [read]    [39m/Users/rucha/LFX/headlamp/headlamp/frontend/src/components/project/ProjectDetails.tsx
[32m  [read]    [39m/Users/rucha/LFX/headlamp/headlamp/frontend/src/components/project/ProjectList.stories.tsx
[32m  [read]    [39m/Users/rucha/LFX/headlamp/headlamp/frontend/src/components/project/ProjectList.tsx
[32m  [read]    [39m/Users/rucha/LFX/headlamp/headlamp/frontend/src/components/project/projectOverviewSections.ts
[32m  [read]    [39m/Users/rucha/LFX/headlamp/headlamp/frontend/src/components/project/ProjectResourcesTab.stories.tsx
[32m  [read]    [39m/Users/rucha/LFX/headlamp/headlamp/frontend/src/components/project/ProjectResourcesTab.tsx
[32m  [read]    [39m/Users/rucha/LFX/headlamp/headlamp/frontend/src/components/project/projectUtils.ts
[32m  [read]    [39m/Users/rucha/LFX/headlamp/headlamp/frontend/src/components/project/ResourceCategoriesList.tsx
[32m  [read]    [39m/Users/rucha/LFX/headlamp/headlamp/frontend/src/components/project/useProjectResources.ts
[32m  [read]    [39m/Users/rucha/LFX/headlamp/headlamp/frontend/src/components/rbac/Visualizer.tsx
[32m  [read]    [39m/Users/rucha/LFX/headlamp/headlamp/frontend/src/components/replicaset/CreateReplicaSetForm.stories.tsx
[32m  [read]    [39m/Users/rucha/LFX/headlamp/headlamp/frontend/src/components/replicaset/CreateReplicaSetForm.tsx
[32m  [read]    [39m/Users/rucha/LFX/headlamp/headlamp/frontend/src/components/replicaset/List.stories.tsx
[32m  [read]    [39m/Users/rucha/LFX/headlamp/headlamp/frontend/src/components/replicaset/List.tsx
[32m  [read]    [39m/Users/rucha/LFX/headlamp/headlamp/frontend/src/components/resourceMap/config.ts
[32m  [read]    [39m/Users/rucha/LFX/headlamp/headlamp/frontend/src/components/resourceMap/details/GraphNodeDetails.tsx
[32m  [read]    [39m/Users/rucha/LFX/headlamp/headlamp/frontend/src/components/resourceMap/details/KubeNodeDetails.tsx
[32m  [read]    [39m/Users/rucha/LFX/headlamp/headlamp/frontend/src/components/resourceMap/edges/GraphEdgeComponent.tsx
[32m  [read]    [39m/Users/rucha/LFX/headlamp/headlamp/frontend/src/components/resourceMap/graph/graphFiltering.ts
[32m  [read]    [39m/Users/rucha/LFX/headlamp/headlamp/frontend/src/components/resourceMap/graph/graphForNamespaceSelection.ts
[32m  [read]    [39m/Users/rucha/LFX/headlamp/headlamp/frontend/src/components/resourceMap/graph/graphGrouping.tsx
[32m  [read]    [39m/Users/rucha/LFX/headlamp/headlamp/frontend/src/components/resourceMap/graph/graphIncrementalUpdate.ts
[32m  [read]    [39m/Users/rucha/LFX/headlamp/headlamp/frontend/src/components/resourceMap/graph/graphLayout.tsx
[32m  [read]    [39m/Users/rucha/LFX/headlamp/headlamp/frontend/src/components/resourceMap/graph/graphLookup.ts
[32m  [read]    [39m/Users/rucha/LFX/headlamp/headlamp/frontend/src/components/resourceMap/graph/graphModel.tsx
[32m  [read]    [39m/Users/rucha/LFX/headlamp/headlamp/frontend/src/components/resourceMap/graph/graphSimplification.ts
[32m  [read]    [39m/Users/rucha/LFX/headlamp/headlamp/frontend/src/components/resourceMap/graphConstants.ts
[32m  [read]    [39m/Users/rucha/LFX/headlamp/headlamp/frontend/src/components/resourceMap/GraphControls.tsx
[32m  [read]    [39m/Users/rucha/LFX/headlamp/headlamp/frontend/src/components/resourceMap/GraphRenderer.tsx
[32m  [read]    [39m/Users/rucha/LFX/headlamp/headlamp/frontend/src/components/resourceMap/GraphView.stories.tsx
[32m  [read]    [39m/Users/rucha/LFX/headlamp/headlamp/frontend/src/components/resourceMap/GraphView.tsx
[32m  [read]    [39m/Users/rucha/LFX/headlamp/headlamp/frontend/src/components/resourceMap/graphViewContext.tsx
[32m  [read]    [39m/Users/rucha/LFX/headlamp/headlamp/frontend/src/components/resourceMap/GraphViewDefinitions.tsx
[32m  [read]    [39m/Users/rucha/LFX/headlamp/headlamp/frontend/src/components/resourceMap/graphViewSlice.tsx
[32m  [read]    [39m/Users/rucha/LFX/headlamp/headlamp/frontend/src/components/resourceMap/index.ts
[32m  [read]    [39m/Users/rucha/LFX/headlamp/headlamp/frontend/src/components/resourceMap/kubeIcon/KubeIcon.tsx
[32m  [read]    [39m/Users/rucha/LFX/headlamp/headlamp/frontend/src/components/resourceMap/KubeObjectGlance/DeploymentGlance.tsx
[32m  [read]    [39m/Users/rucha/LFX/headlamp/headlamp/frontend/src/components/resourceMap/KubeObjectGlance/EndpointsGlance.tsx
[32m  [read]    [39m/Users/rucha/LFX/headlamp/headlamp/frontend/src/components/resourceMap/KubeObjectGlance/HorizontalPodAutoscalerGlance.tsx
[32m  [read]    [39m/Users/rucha/LFX/headlamp/headlamp/frontend/src/components/resourceMap/KubeObjectGlance/KubeObjectGlance.tsx
[32m  [read]    [39m/Users/rucha/LFX/headlamp/headlamp/frontend/src/components/resourceMap/KubeObjectGlance/NodeGlance.tsx
[32m  [read]    [39m/Users/rucha/LFX/headlamp/headlamp/frontend/src/components/resourceMap/KubeObjectGlance/PodGlance.tsx
[32m  [read]    [39m/Users/rucha/LFX/headlamp/headlamp/frontend/src/components/resourceMap/KubeObjectGlance/ReplicaSetGlance.tsx
[32m  [read]    [39m/Users/rucha/LFX/headlamp/headlamp/frontend/src/components/resourceMap/KubeObjectGlance/ServiceGlance.tsx
[32m  [read]    [39m/Users/rucha/LFX/headlamp/headlamp/frontend/src/components/resourceMap/nodes/GroupNode.tsx
[32m  [read]    [39m/Users/rucha/LFX/headlamp/headlamp/frontend/src/components/resourceMap/nodes/KubeObjectNode.tsx
[32m  [read]    [39m/Users/rucha/LFX/headlamp/headlamp/frontend/src/components/resourceMap/nodes/KubeObjectStatus.tsx
[32m  [read]    [39m/Users/rucha/LFX/headlamp/headlamp/frontend/src/components/resourceMap/PerformanceStats.tsx
[32m  [read]    [39m/Users/rucha/LFX/headlamp/headlamp/frontend/src/components/resourceMap/ResourceMapGraphView.tsx
[32m  [read]    [39m/Users/rucha/LFX/headlamp/headlamp/frontend/src/components/resourceMap/SelectionBreadcrumbs.tsx
[32m  [read]    [39m/Users/rucha/LFX/headlamp/headlamp/frontend/src/components/resourceMap/sources/definitions/graphDefinitionUtils.tsx
[32m  [read]    [39m/Users/rucha/LFX/headlamp/headlamp/frontend/src/components/resourceMap/sources/definitions/relationIds.ts
[32m  [read]    [39m/Users/rucha/LFX/headlamp/headlamp/frontend/src/components/resourceMap/sources/definitions/relations.tsx
[32m  [read]    [39m/Users/rucha/LFX/headlamp/headlamp/frontend/src/components/resourceMap/sources/definitions/sources.tsx
[32m  [read]    [39m/Users/rucha/LFX/headlamp/headlamp/frontend/src/components/resourceMap/sources/GraphSources.tsx
[32m  [read]    [39m/Users/rucha/LFX/headlamp/headlamp/frontend/src/components/resourceMap/sources/GraphSourcesView.tsx
[32m  [read]    [39m/Users/rucha/LFX/headlamp/headlamp/frontend/src/components/resourceMap/useGraphViewport.ts
[32m  [read]    [39m/Users/rucha/LFX/headlamp/headlamp/frontend/src/components/resourceMap/useQueryParamsState.tsx
[32m  [read]    [39m/Users/rucha/LFX/headlamp/headlamp/frontend/src/components/resourceQuota/Details.tsx
[32m  [read]    [39m/Users/rucha/LFX/headlamp/headlamp/frontend/src/components/resourceQuota/List.tsx
[32m  [read]    [39m/Users/rucha/LFX/headlamp/headlamp/frontend/src/components/resourceQuota/resourceQuotaDetails.stories.tsx
[32m  [read]    [39m/Users/rucha/LFX/headlamp/headlamp/frontend/src/components/resourceQuota/resourceQuotaList.stories.tsx
[32m  [read]    [39m/Users/rucha/LFX/headlamp/headlamp/frontend/src/components/role/BindingDetails.stories.tsx
[32m  [read]    [39m/Users/rucha/LFX/headlamp/headlamp/frontend/src/components/role/BindingDetails.tsx
[32m  [read]    [39m/Users/rucha/LFX/headlamp/headlamp/frontend/src/components/role/BindingList.stories.tsx
[32m  [read]    [39m/Users/rucha/LFX/headlamp/headlamp/frontend/src/components/role/BindingList.tsx
[32m  [read]    [39m/Users/rucha/LFX/headlamp/headlamp/frontend/src/components/role/Details.stories.tsx
[32m  [read]    [39m/Users/rucha/LFX/headlamp/headlamp/frontend/src/components/role/Details.tsx
[32m  [read]    [39m/Users/rucha/LFX/headlamp/headlamp/frontend/src/components/role/List.stories.tsx
[32m  [read]    [39m/Users/rucha/LFX/headlamp/headlamp/frontend/src/components/role/List.tsx
[32m  [read]    [39m/Users/rucha/LFX/headlamp/headlamp/frontend/src/components/role/storyHelper.ts
[32m  [read]    [39m/Users/rucha/LFX/headlamp/headlamp/frontend/src/components/runtimeClass/Details.stories.tsx
[32m  [read]    [39m/Users/rucha/LFX/headlamp/headlamp/frontend/src/components/runtimeClass/Details.tsx
[32m  [read]    [39m/Users/rucha/LFX/headlamp/headlamp/frontend/src/components/runtimeClass/List.stories.tsx
[32m  [read]    [39m/Users/rucha/LFX/headlamp/headlamp/frontend/src/components/runtimeClass/List.tsx
[32m  [read]    [39m/Users/rucha/LFX/headlamp/headlamp/frontend/src/components/runtimeClass/storyHelper.ts
[32m  [read]    [39m/Users/rucha/LFX/headlamp/headlamp/frontend/src/components/schedulingWorkload/Details.stories.tsx
[32m  [read]    [39m/Users/rucha/LFX/headlamp/headlamp/frontend/src/components/schedulingWorkload/Details.tsx
[32m  [read]    [39m/Users/rucha/LFX/headlamp/headlamp/frontend/src/components/schedulingWorkload/List.stories.tsx
[32m  [read]    [39m/Users/rucha/LFX/headlamp/headlamp/frontend/src/components/schedulingWorkload/List.tsx
[32m  [read]    [39m/Users/rucha/LFX/headlamp/headlamp/frontend/src/components/schedulingWorkload/storyHelper.ts
[32m  [read]    [39m/Users/rucha/LFX/headlamp/headlamp/frontend/src/components/secret/Details.stories.tsx
[32m  [read]    [39m/Users/rucha/LFX/headlamp/headlamp/frontend/src/components/secret/Details.tsx
[32m  [read]    [39m/Users/rucha/LFX/headlamp/headlamp/frontend/src/components/secret/hideHelmSecrets.ts
[32m  [read]    [39m/Users/rucha/LFX/headlamp/headlamp/frontend/src/components/secret/List.stories.tsx
[32m  [read]    [39m/Users/rucha/LFX/headlamp/headlamp/frontend/src/components/secret/List.tsx
[32m  [read]    [39m/Users/rucha/LFX/headlamp/headlamp/frontend/src/components/secret/storyHelper.ts
[32m  [read]    [39m/Users/rucha/LFX/headlamp/headlamp/frontend/src/components/service/Details.tsx
[32m  [read]    [39m/Users/rucha/LFX/headlamp/headlamp/frontend/src/components/service/List.tsx
[32m  [read]    [39m/Users/rucha/LFX/headlamp/headlamp/frontend/src/components/service/ServiceDetails.stories.tsx
[32m  [read]    [39m/Users/rucha/LFX/headlamp/headlamp/frontend/src/components/service/ServiceList.stories.tsx
[32m  [read]    [39m/Users/rucha/LFX/headlamp/headlamp/frontend/src/components/serviceaccount/Details.stories.tsx
[32m  [read]    [39m/Users/rucha/LFX/headlamp/headlamp/frontend/src/components/serviceaccount/Details.tsx
[32m  [read]    [39m/Users/rucha/LFX/headlamp/headlamp/frontend/src/components/serviceaccount/List.stories.tsx
[32m  [read]    [39m/Users/rucha/LFX/headlamp/headlamp/frontend/src/components/serviceaccount/List.tsx
[32m  [read]    [39m/Users/rucha/LFX/headlamp/headlamp/frontend/src/components/serviceaccount/storyHelper.ts
[32m  [read]    [39m/Users/rucha/LFX/headlamp/headlamp/frontend/src/components/Sidebar/ClusterBadge.stories.tsx
[32m  [read]    [39m/Users/rucha/LFX/headlamp/headlamp/frontend/src/components/Sidebar/ClusterBadge.tsx
[32m  [read]    [39m/Users/rucha/LFX/headlamp/headlamp/frontend/src/components/Sidebar/HeadlampButton.stories.tsx
[32m  [read]    [39m/Users/rucha/LFX/headlamp/headlamp/frontend/src/components/Sidebar/HeadlampButton.tsx
[32m  [read]    [39m/Users/rucha/LFX/headlamp/headlamp/frontend/src/components/Sidebar/index.tsx
[32m  [read]    [39m/Users/rucha/LFX/headlamp/headlamp/frontend/src/components/Sidebar/ListItemLink.stories.tsx
[32m  [read]    [39m/Users/rucha/LFX/headlamp/headlamp/frontend/src/components/Sidebar/ListItemLink.tsx
[32m  [read]    [39m/Users/rucha/LFX/headlamp/headlamp/frontend/src/components/Sidebar/NavigationTabs.stories.tsx
[32m  [read]    [39m/Users/rucha/LFX/headlamp/headlamp/frontend/src/components/Sidebar/NavigationTabs.tsx
[32m  [read]    [39m/Users/rucha/LFX/headlamp/headlamp/frontend/src/components/Sidebar/Sidebar.stories.tsx
[32m  [read]    [39m/Users/rucha/LFX/headlamp/headlamp/frontend/src/components/Sidebar/Sidebar.tsx
[32m  [read]    [39m/Users/rucha/LFX/headlamp/headlamp/frontend/src/components/Sidebar/Sidebaritem.stories.tsx
[32m  [read]    [39m/Users/rucha/LFX/headlamp/headlamp/frontend/src/components/Sidebar/SidebarItem.tsx
[32m  [read]    [39m/Users/rucha/LFX/headlamp/headlamp/frontend/src/components/Sidebar/sidebarSlice.ts
[32m  [read]    [39m/Users/rucha/LFX/headlamp/headlamp/frontend/src/components/Sidebar/useSidebarItems.tsx
[32m  [read]    [39m/Users/rucha/LFX/headlamp/headlamp/frontend/src/components/Sidebar/VersionButton.stories.tsx
[32m  [read]    [39m/Users/rucha/LFX/headlamp/headlamp/frontend/src/components/Sidebar/VersionButton.tsx
[32m  [read]    [39m/Users/rucha/LFX/headlamp/headlamp/frontend/src/components/statefulset/CreateStatefulSetForm.stories.tsx
[32m  [read]    [39m/Users/rucha/LFX/headlamp/headlamp/frontend/src/components/statefulset/CreateStatefulSetForm.tsx
[32m  [read]    [39m/Users/rucha/LFX/headlamp/headlamp/frontend/src/components/statefulset/Details.stories.tsx
[32m  [read]    [39m/Users/rucha/LFX/headlamp/headlamp/frontend/src/components/statefulset/Details.tsx
[32m  [read]    [39m/Users/rucha/LFX/headlamp/headlamp/frontend/src/components/statefulset/List.stories.tsx
[32m  [read]    [39m/Users/rucha/LFX/headlamp/headlamp/frontend/src/components/statefulset/List.tsx
[32m  [read]    [39m/Users/rucha/LFX/headlamp/headlamp/frontend/src/components/storage/ClaimDetails.stories.tsx
[32m  [read]    [39m/Users/rucha/LFX/headlamp/headlamp/frontend/src/components/storage/ClaimDetails.tsx
[32m  [read]    [39m/Users/rucha/LFX/headlamp/headlamp/frontend/src/components/storage/ClaimList.stories.tsx
[32m  [read]    [39m/Users/rucha/LFX/headlamp/headlamp/frontend/src/components/storage/ClaimList.tsx
[32m  [read]    [39m/Users/rucha/LFX/headlamp/headlamp/frontend/src/components/storage/ClassDetails.stories.tsx
[32m  [read]    [39m/Users/rucha/LFX/headlamp/headlamp/frontend/src/components/storage/ClassDetails.tsx
[32m  [read]    [39m/Users/rucha/LFX/headlamp/headlamp/frontend/src/components/storage/ClassList.stories.tsx
[32m  [read]    [39m/Users/rucha/LFX/headlamp/headlamp/frontend/src/components/storage/ClassList.tsx
[32m  [read]    [39m/Users/rucha/LFX/headlamp/headlamp/frontend/src/components/storage/CreatePVCForm.stories.tsx
[32m  [read]    [39m/Users/rucha/LFX/headlamp/headlamp/frontend/src/components/storage/CreatePVCForm.tsx
[32m  [read]    [39m/Users/rucha/LFX/headlamp/headlamp/frontend/src/components/storage/storyHelper.ts
[32m  [read]    [39m/Users/rucha/LFX/headlamp/headlamp/frontend/src/components/storage/utils.tsx
[32m  [read]    [39m/Users/rucha/LFX/headlamp/headlamp/frontend/src/components/storage/VolumeAttributesClassDetails.stories.tsx
[32m  [read]    [39m/Users/rucha/LFX/headlamp/headlamp/frontend/src/components/storage/VolumeAttributesClassDetails.tsx
[32m  [read]    [39m/Users/rucha/LFX/headlamp/headlamp/frontend/src/components/storage/VolumeAttributesClassList.stories.tsx
[32m  [read]    [39m/Users/rucha/LFX/headlamp/headlamp/frontend/src/components/storage/VolumeAttributesClassList.tsx
[32m  [read]    [39m/Users/rucha/LFX/headlamp/headlamp/frontend/src/components/storage/VolumeDetails.stories.tsx
[32m  [read]    [39m/Users/rucha/LFX/headlamp/headlamp/frontend/src/components/storage/VolumeDetails.tsx
[32m  [read]    [39m/Users/rucha/LFX/headlamp/headlamp/frontend/src/components/storage/VolumeList.stories.tsx
[32m  [read]    [39m/Users/rucha/LFX/headlamp/headlamp/frontend/src/components/storage/VolumeList.tsx
[32m  [read]    [39m/Users/rucha/LFX/headlamp/headlamp/frontend/src/components/TestHelpers/theme.ts
[32m  [read]    [39m/Users/rucha/LFX/headlamp/headlamp/frontend/src/components/verticalPodAutoscaler/Details.tsx
[32m  [read]    [39m/Users/rucha/LFX/headlamp/headlamp/frontend/src/components/verticalPodAutoscaler/List.tsx
[32m  [read]    [39m/Users/rucha/LFX/headlamp/headlamp/frontend/src/components/verticalPodAutoscaler/VPADetails.stories.tsx
[32m  [read]    [39m/Users/rucha/LFX/headlamp/headlamp/frontend/src/components/verticalPodAutoscaler/VPAList.stories.tsx
[32m  [read]    [39m/Users/rucha/LFX/headlamp/headlamp/frontend/src/components/webhookconfiguration/Details.tsx
[32m  [read]    [39m/Users/rucha/LFX/headlamp/headlamp/frontend/src/components/webhookconfiguration/MutatingWebhookConfigDetails.stories.tsx
[32m  [read]    [39m/Users/rucha/LFX/headlamp/headlamp/frontend/src/components/webhookconfiguration/MutatingWebhookConfigDetails.tsx
[32m  [read]    [39m/Users/rucha/LFX/headlamp/headlamp/frontend/src/components/webhookconfiguration/MutatingWebhookConfigList.stories.tsx
[32m  [read]    [39m/Users/rucha/LFX/headlamp/headlamp/frontend/src/components/webhookconfiguration/MutatingWebhookConfigList.tsx
[32m  [read]    [39m/Users/rucha/LFX/headlamp/headlamp/frontend/src/components/webhookconfiguration/storyHelper.tsx
[32m  [read]    [39m/Users/rucha/LFX/headlamp/headlamp/frontend/src/components/webhookconfiguration/ValidatingWebhookConfigDetails.stories.tsx
[32m  [read]    [39m/Users/rucha/LFX/headlamp/headlamp/frontend/src/components/webhookconfiguration/ValidatingWebhookConfigDetails.tsx
[32m  [read]    [39m/Users/rucha/LFX/headlamp/headlamp/frontend/src/components/webhookconfiguration/ValidatingWebhookConfigList.stories.tsx
[32m  [read]    [39m/Users/rucha/LFX/headlamp/headlamp/frontend/src/components/webhookconfiguration/ValidatingWebhookConfigList.tsx
[32m  [read]    [39m/Users/rucha/LFX/headlamp/headlamp/frontend/src/components/workload/Charts.stories.tsx
[32m  [read]    [39m/Users/rucha/LFX/headlamp/headlamp/frontend/src/components/workload/Charts.tsx
[32m  [read]    [39m/Users/rucha/LFX/headlamp/headlamp/frontend/src/components/workload/Details.tsx
[32m  [read]    [39m/Users/rucha/LFX/headlamp/headlamp/frontend/src/components/workload/extraInfo.stories.tsx
[32m  [read]    [39m/Users/rucha/LFX/headlamp/headlamp/frontend/src/components/workload/extraInfo.tsx
[32m  [read]    [39m/Users/rucha/LFX/headlamp/headlamp/frontend/src/components/workload/Overview.stories.tsx
[32m  [read]    [39m/Users/rucha/LFX/headlamp/headlamp/frontend/src/components/workload/Overview.tsx
[32m  [read]    [39m/Users/rucha/LFX/headlamp/headlamp/frontend/src/filesFilter/filesFilter.ts
[32m  [read]    [39m/Users/rucha/LFX/headlamp/headlamp/frontend/src/helpers/addBackstageAuthHeaders.ts
[32m  [read]    [39m/Users/rucha/LFX/headlamp/headlamp/frontend/src/helpers/backendTokenFetch.ts
[32m  [read]    [39m/Users/rucha/LFX/headlamp/headlamp/frontend/src/helpers/backstageMessageReceiver.ts
[32m  [read]    [39m/Users/rucha/LFX/headlamp/headlamp/frontend/src/helpers/base64.ts
[32m  [read]    [39m/Users/rucha/LFX/headlamp/headlamp/frontend/src/helpers/clusterAppearance.ts
[32m  [read]    [39m/Users/rucha/LFX/headlamp/headlamp/frontend/src/helpers/clusterAutoConnect.ts
[32m  [read]    [39m/Users/rucha/LFX/headlamp/headlamp/frontend/src/helpers/clusterSettings.ts
[32m  [read]    [39m/Users/rucha/LFX/headlamp/headlamp/frontend/src/helpers/debugVerbose.ts
[32m  [read]    [39m/Users/rucha/LFX/headlamp/headlamp/frontend/src/helpers/getAppUrl.ts
[32m  [read]    [39m/Users/rucha/LFX/headlamp/headlamp/frontend/src/helpers/getBaseUrl.ts
[32m  [read]    [39m/Users/rucha/LFX/headlamp/headlamp/frontend/src/helpers/getHeadlampAPIHeaders.ts
[32m  [read]    [39m/Users/rucha/LFX/headlamp/headlamp/frontend/src/helpers/getProductInfo.ts
[32m  [read]    [39m/Users/rucha/LFX/headlamp/headlamp/frontend/src/helpers/index.ts
[32m  [read]    [39m/Users/rucha/LFX/headlamp/headlamp/frontend/src/helpers/isBackstage.ts
[32m  [read]    [39m/Users/rucha/LFX/headlamp/headlamp/frontend/src/helpers/isDevMode.ts
[32m  [read]    [39m/Users/rucha/LFX/headlamp/headlamp/frontend/src/helpers/isDockerDesktop.ts
[32m  [read]    [39m/Users/rucha/LFX/headlamp/headlamp/frontend/src/helpers/isElectron.ts
[32m  [read]    [39m/Users/rucha/LFX/headlamp/headlamp/frontend/src/helpers/podContainer.ts
[32m  [read]    [39m/Users/rucha/LFX/headlamp/headlamp/frontend/src/helpers/recentClusters.ts
[32m  [read]    [39m/Users/rucha/LFX/headlamp/headlamp/frontend/src/helpers/tableSettings.ts
[32m  [read]    [39m/Users/rucha/LFX/headlamp/headlamp/frontend/src/helpers/tablesRowsPerPage.ts
[32m  [read]    [39m/Users/rucha/LFX/headlamp/headlamp/frontend/src/helpers/testHelpers.ts
[32m  [read]    [39m/Users/rucha/LFX/headlamp/headlamp/frontend/src/i18n/config.ts
[32m  [read]    [39m/Users/rucha/LFX/headlamp/headlamp/frontend/src/i18n/electronI18n.tsx
[32m  [read]    [39m/Users/rucha/LFX/headlamp/headlamp/frontend/src/i18n/LocaleSelect/LocaleSelect.stories.tsx
[32m  [read]    [39m/Users/rucha/LFX/headlamp/headlamp/frontend/src/i18n/LocaleSelect/LocaleSelect.tsx
[32m  [read]    [39m/Users/rucha/LFX/headlamp/headlamp/frontend/src/i18n/ThemeProviderNexti18n.tsx
[32m  [read]    [39m/Users/rucha/LFX/headlamp/headlamp/frontend/src/index.tsx
[32m  [read]    [39m/Users/rucha/LFX/headlamp/headlamp/frontend/src/lib/AppTheme.ts
[32m  [read]    [39m/Users/rucha/LFX/headlamp/headlamp/frontend/src/lib/auth.ts
[32m  [read]    [39m/Users/rucha/LFX/headlamp/headlamp/frontend/src/lib/cluster.ts
[32m  [read]    [39m/Users/rucha/LFX/headlamp/headlamp/frontend/src/lib/docs.ts
[32m  [read]    [39m/Users/rucha/LFX/headlamp/headlamp/frontend/src/lib/k8s/allowedNamespaces.ts
[32m  [read]    [39m/Users/rucha/LFX/headlamp/headlamp/frontend/src/lib/k8s/allowedNamespacesContext.ts
[32m  [read]    [39m/Users/rucha/LFX/headlamp/headlamp/frontend/src/lib/k8s/api/v1/apply.ts
[32m  [read]    [39m/Users/rucha/LFX/headlamp/headlamp/frontend/src/lib/k8s/api/v1/clusterApi.ts
[32m  [read]    [39m/Users/rucha/LFX/headlamp/headlamp/frontend/src/lib/k8s/api/v1/clusterRequests.ts
[32m  [read]    [39m/Users/rucha/LFX/headlamp/headlamp/frontend/src/lib/k8s/api/v1/constants.ts
[32m  [read]    [39m/Users/rucha/LFX/headlamp/headlamp/frontend/src/lib/k8s/api/v1/deleteParameters.ts
[32m  [read]    [39m/Users/rucha/LFX/headlamp/headlamp/frontend/src/lib/k8s/api/v1/drainNode.ts
[32m  [read]    [39m/Users/rucha/LFX/headlamp/headlamp/frontend/src/lib/k8s/api/v1/factories.ts
[32m  [read]    [39m/Users/rucha/LFX/headlamp/headlamp/frontend/src/lib/k8s/api/v1/formatUrl.ts
[32m  [read]    [39m/Users/rucha/LFX/headlamp/headlamp/frontend/src/lib/k8s/api/v1/hooks.ts
[32m  [read]    [39m/Users/rucha/LFX/headlamp/headlamp/frontend/src/lib/k8s/api/v1/metricsApi.ts
[32m  [read]    [39m/Users/rucha/LFX/headlamp/headlamp/frontend/src/lib/k8s/api/v1/pluginsApi.ts
[32m  [read]    [39m/Users/rucha/LFX/headlamp/headlamp/frontend/src/lib/k8s/api/v1/portForward.ts
[32m  [read]    [39m/Users/rucha/LFX/headlamp/headlamp/frontend/src/lib/k8s/api/v1/queryParameters.ts
[32m  [read]    [39m/Users/rucha/LFX/headlamp/headlamp/frontend/src/lib/k8s/api/v1/scaleApi.ts
[32m  [read]    [39m/Users/rucha/LFX/headlamp/headlamp/frontend/src/lib/k8s/api/v1/streamingApi.ts
[32m  [read]    [39m/Users/rucha/LFX/headlamp/headlamp/frontend/src/lib/k8s/api/v2/apiDiscovery.tsx
[32m  [read]    [39m/Users/rucha/LFX/headlamp/headlamp/frontend/src/lib/k8s/api/v2/ApiError.tsx
[32m  [read]    [39m/Users/rucha/LFX/headlamp/headlamp/frontend/src/lib/k8s/api/v2/ApiResource.tsx
[32m  [read]    [39m/Users/rucha/LFX/headlamp/headlamp/frontend/src/lib/k8s/api/v2/fetch.ts
[32m  [read]    [39m/Users/rucha/LFX/headlamp/headlamp/frontend/src/lib/k8s/api/v2/hooks.ts
[32m  [read]    [39m/Users/rucha/LFX/headlamp/headlamp/frontend/src/lib/k8s/api/v2/KubeList.ts
[32m  [read]    [39m/Users/rucha/LFX/headlamp/headlamp/frontend/src/lib/k8s/api/v2/KubeObjectEndpoint.ts
[32m  [read]    [39m/Users/rucha/LFX/headlamp/headlamp/frontend/src/lib/k8s/api/v2/makeUrl.ts
[32m  [read]    [39m/Users/rucha/LFX/headlamp/headlamp/frontend/src/lib/k8s/api/v2/multiplexer.ts
[32m  [read]    [39m/Users/rucha/LFX/headlamp/headlamp/frontend/src/lib/k8s/api/v2/nodeSummaryApi.ts
[32m  [read]    [39m/Users/rucha/LFX/headlamp/headlamp/frontend/src/lib/k8s/api/v2/retry.ts
[32m  [read]    [39m/Users/rucha/LFX/headlamp/headlamp/frontend/src/lib/k8s/api/v2/useKubeObjectList.ts
[32m  [read]    [39m/Users/rucha/LFX/headlamp/headlamp/frontend/src/lib/k8s/api/v2/webSocket.ts
[32m  [read]    [39m/Users/rucha/LFX/headlamp/headlamp/frontend/src/lib/k8s/apiProxy/index.ts
[32m  [read]    [39m/Users/rucha/LFX/headlamp/headlamp/frontend/src/lib/k8s/backendTLSPolicy.ts
[32m  [read]    [39m/Users/rucha/LFX/headlamp/headlamp/frontend/src/lib/k8s/backendTrafficPolicy.ts
[32m  [read]    [39m/Users/rucha/LFX/headlamp/headlamp/frontend/src/lib/k8s/cluster.ts
[32m  [read]    [39m/Users/rucha/LFX/headlamp/headlamp/frontend/src/lib/k8s/clusterRole.ts
[32m  [read]    [39m/Users/rucha/LFX/headlamp/headlamp/frontend/src/lib/k8s/clusterRoleBinding.ts
[32m  [read]    [39m/Users/rucha/LFX/headlamp/headlamp/frontend/src/lib/k8s/conditions.ts
[32m  [read]    [39m/Users/rucha/LFX/headlamp/headlamp/frontend/src/lib/k8s/configMap.ts
[32m  [read]    [39m/Users/rucha/LFX/headlamp/headlamp/frontend/src/lib/k8s/controllerRevision.ts
[32m  [read]    [39m/Users/rucha/LFX/headlamp/headlamp/frontend/src/lib/k8s/crd.ts
[32m  [read]    [39m/Users/rucha/LFX/headlamp/headlamp/frontend/src/lib/k8s/crdSpec.ts
[32m  [read]    [39m/Users/rucha/LFX/headlamp/headlamp/frontend/src/lib/k8s/cronJob.ts
[32m  [read]    [39m/Users/rucha/LFX/headlamp/headlamp/frontend/src/lib/k8s/daemonSet.ts
[32m  [read]    [39m/Users/rucha/LFX/headlamp/headlamp/frontend/src/lib/k8s/deployment.ts
[32m  [read]    [39m/Users/rucha/LFX/headlamp/headlamp/frontend/src/lib/k8s/endpoints.ts
[32m  [read]    [39m/Users/rucha/LFX/headlamp/headlamp/frontend/src/lib/k8s/endpointSlices.ts
[32m  [read]    [39m/Users/rucha/LFX/headlamp/headlamp/frontend/src/lib/k8s/event.ts
[32m  [read]    [39m/Users/rucha/LFX/headlamp/headlamp/frontend/src/lib/k8s/gateway.ts
[32m  [read]    [39m/Users/rucha/LFX/headlamp/headlamp/frontend/src/lib/k8s/gatewayClass.ts
[32m  [read]    [39m/Users/rucha/LFX/headlamp/headlamp/frontend/src/lib/k8s/gatewayL4RouteAvailability.ts
[32m  [read]    [39m/Users/rucha/LFX/headlamp/headlamp/frontend/src/lib/k8s/gatewayReferences.ts
[32m  [read]    [39m/Users/rucha/LFX/headlamp/headlamp/frontend/src/lib/k8s/grpcRoute.ts
[32m  [read]    [39m/Users/rucha/LFX/headlamp/headlamp/frontend/src/lib/k8s/hpa.ts
[32m  [read]    [39m/Users/rucha/LFX/headlamp/headlamp/frontend/src/lib/k8s/httpRoute.ts
[32m  [read]    [39m/Users/rucha/LFX/headlamp/headlamp/frontend/src/lib/k8s/index.ts
[32m  [read]    [39m/Users/rucha/LFX/headlamp/headlamp/frontend/src/lib/k8s/ingress.ts
[32m  [read]    [39m/Users/rucha/LFX/headlamp/headlamp/frontend/src/lib/k8s/ingressClass.ts
[32m  [read]    [39m/Users/rucha/LFX/headlamp/headlamp/frontend/src/lib/k8s/job.ts
[32m  [read]    [39m/Users/rucha/LFX/headlamp/headlamp/frontend/src/lib/k8s/jobSet.ts
[32m  [read]    [39m/Users/rucha/LFX/headlamp/headlamp/frontend/src/lib/k8s/kubeconfig.ts
[32m  [read]    [39m/Users/rucha/LFX/headlamp/headlamp/frontend/src/lib/k8s/KubeMetadata.ts
[32m  [read]    [39m/Users/rucha/LFX/headlamp/headlamp/frontend/src/lib/k8s/KubeObject.ts
[32m  [read]    [39m/Users/rucha/LFX/headlamp/headlamp/frontend/src/lib/k8s/leaderWorkerSet.ts
[32m  [read]    [39m/Users/rucha/LFX/headlamp/headlamp/frontend/src/lib/k8s/lease.ts
[32m  [read]    [39m/Users/rucha/LFX/headlamp/headlamp/frontend/src/lib/k8s/limitRange.tsx
[32m  [read]    [39m/Users/rucha/LFX/headlamp/headlamp/frontend/src/lib/k8s/mutatingWebhookConfiguration.ts
[32m  [read]    [39m/Users/rucha/LFX/headlamp/headlamp/frontend/src/lib/k8s/namespace.ts
[32m  [read]    [39m/Users/rucha/LFX/headlamp/headlamp/frontend/src/lib/k8s/networkpolicy.tsx
[32m  [read]    [39m/Users/rucha/LFX/headlamp/headlamp/frontend/src/lib/k8s/node.ts
[32m  [read]    [39m/Users/rucha/LFX/headlamp/headlamp/frontend/src/lib/k8s/nodeConstants.ts
[32m  [read]    [39m/Users/rucha/LFX/headlamp/headlamp/frontend/src/lib/k8s/patchUtils.ts
[32m  [read]    [39m/Users/rucha/LFX/headlamp/headlamp/frontend/src/lib/k8s/persistentVolume.ts
[32m  [read]    [39m/Users/rucha/LFX/headlamp/headlamp/frontend/src/lib/k8s/persistentVolumeClaim.ts
[32m  [read]    [39m/Users/rucha/LFX/headlamp/headlamp/frontend/src/lib/k8s/pod.ts
[32m  [read]    [39m/Users/rucha/LFX/headlamp/headlamp/frontend/src/lib/k8s/podDisruptionBudget.ts
[32m  [read]    [39m/Users/rucha/LFX/headlamp/headlamp/frontend/src/lib/k8s/podGroup.ts
[32m  [read]    [39m/Users/rucha/LFX/headlamp/headlamp/frontend/src/lib/k8s/PodMetrics.ts
[32m  [read]    [39m/Users/rucha/LFX/headlamp/headlamp/frontend/src/lib/k8s/priorityClass.ts
[32m  [read]    [39m/Users/rucha/LFX/headlamp/headlamp/frontend/src/lib/k8s/priorityClasses.ts
[32m  [read]    [39m/Users/rucha/LFX/headlamp/headlamp/frontend/src/lib/k8s/referenceGrant.ts
[32m  [read]    [39m/Users/rucha/LFX/headlamp/headlamp/frontend/src/lib/k8s/replicaSet.ts
[32m  [read]    [39m/Users/rucha/LFX/headlamp/headlamp/frontend/src/lib/k8s/ResourceCategory.tsx
[32m  [read]    [39m/Users/rucha/LFX/headlamp/headlamp/frontend/src/lib/k8s/resourceQuota.ts
[32m  [read]    [39m/Users/rucha/LFX/headlamp/headlamp/frontend/src/lib/k8s/role.ts
[32m  [read]    [39m/Users/rucha/LFX/headlamp/headlamp/frontend/src/lib/k8s/roleBinding.ts
[32m  [read]    [39m/Users/rucha/LFX/headlamp/headlamp/frontend/src/lib/k8s/rollback.ts
[32m  [read]    [39m/Users/rucha/LFX/headlamp/headlamp/frontend/src/lib/k8s/runtime.ts
[32m  [read]    [39m/Users/rucha/LFX/headlamp/headlamp/frontend/src/lib/k8s/schedulingWorkload.ts
[32m  [read]    [39m/Users/rucha/LFX/headlamp/headlamp/frontend/src/lib/k8s/secret.ts
[32m  [read]    [39m/Users/rucha/LFX/headlamp/headlamp/frontend/src/lib/k8s/SelectedClustersContext.ts
[32m  [read]    [39m/Users/rucha/LFX/headlamp/headlamp/frontend/src/lib/k8s/service.ts
[32m  [read]    [39m/Users/rucha/LFX/headlamp/headlamp/frontend/src/lib/k8s/serviceAccount.ts
[32m  [read]    [39m/Users/rucha/LFX/headlamp/headlamp/frontend/src/lib/k8s/statefulSet.ts
[32m  [read]    [39m/Users/rucha/LFX/headlamp/headlamp/frontend/src/lib/k8s/storageClass.ts
[32m  [read]    [39m/Users/rucha/LFX/headlamp/headlamp/frontend/src/lib/k8s/tcpRoute.ts
[32m  [read]    [39m/Users/rucha/LFX/headlamp/headlamp/frontend/src/lib/k8s/token.ts
[32m  [read]    [39m/Users/rucha/LFX/headlamp/headlamp/frontend/src/lib/k8s/udpRoute.ts
[32m  [read]    [39m/Users/rucha/LFX/headlamp/headlamp/frontend/src/lib/k8s/useTerminalStream.ts
[32m  [read]    [39m/Users/rucha/LFX/headlamp/headlamp/frontend/src/lib/k8s/validatingWebhookConfiguration.ts
[32m  [read]    [39m/Users/rucha/LFX/headlamp/headlamp/frontend/src/lib/k8s/volumeAttributesClass.ts
[32m  [read]    [39m/Users/rucha/LFX/headlamp/headlamp/frontend/src/lib/k8s/vpa.ts
[32m  [read]    [39m/Users/rucha/LFX/headlamp/headlamp/frontend/src/lib/k8s/Workload.ts
[32m  [read]    [39m/Users/rucha/LFX/headlamp/headlamp/frontend/src/lib/notification.tsx
[32m  [read]    [39m/Users/rucha/LFX/headlamp/headlamp/frontend/src/lib/queryClient.ts
[32m  [read]    [39m/Users/rucha/LFX/headlamp/headlamp/frontend/src/lib/router/createRouteURL.tsx
[32m  [read]    [39m/Users/rucha/LFX/headlamp/headlamp/frontend/src/lib/router/getDefaultRoutes.tsx
[32m  [read]    [39m/Users/rucha/LFX/headlamp/headlamp/frontend/src/lib/router/getRoute.tsx
[32m  [read]    [39m/Users/rucha/LFX/headlamp/headlamp/frontend/src/lib/router/getRoutePath.tsx
[32m  [read]    [39m/Users/rucha/LFX/headlamp/headlamp/frontend/src/lib/router/getRouteUseClusterURL.tsx
[32m  [read]    [39m/Users/rucha/LFX/headlamp/headlamp/frontend/src/lib/router/index.tsx
[32m  [read]    [39m/Users/rucha/LFX/headlamp/headlamp/frontend/src/lib/router/Route.tsx
[32m  [read]    [39m/Users/rucha/LFX/headlamp/headlamp/frontend/src/lib/storage.ts
[32m  [read]    [39m/Users/rucha/LFX/headlamp/headlamp/frontend/src/lib/themes.ts
[32m  [read]    [39m/Users/rucha/LFX/headlamp/headlamp/frontend/src/lib/units.ts
[32m  [read]    [39m/Users/rucha/LFX/headlamp/headlamp/frontend/src/lib/useShortcut.ts
[32m  [read]    [39m/Users/rucha/LFX/headlamp/headlamp/frontend/src/lib/util.ts
[32m  [read]    [39m/Users/rucha/LFX/headlamp/headlamp/frontend/src/plugin/configStore.ts
[32m  [read]    [39m/Users/rucha/LFX/headlamp/headlamp/frontend/src/plugin/index.ts
[32m  [read]    [39m/Users/rucha/LFX/headlamp/headlamp/frontend/src/plugin/lib.ts
[32m  [read]    [39m/Users/rucha/LFX/headlamp/headlamp/frontend/src/plugin/pluginConfigSlice.ts
[32m  [read]    [39m/Users/rucha/LFX/headlamp/headlamp/frontend/src/plugin/pluginI18n.ts
[33m  [warning] [39mKey is not a string literal: key
[32m  [read]    [39m/Users/rucha/LFX/headlamp/headlamp/frontend/src/plugin/Plugins.tsx
[32m  [read]    [39m/Users/rucha/LFX/headlamp/headlamp/frontend/src/plugin/pluginsSlice.ts
[32m  [read]    [39m/Users/rucha/LFX/headlamp/headlamp/frontend/src/plugin/registry.tsx
[32m  [read]    [39m/Users/rucha/LFX/headlamp/headlamp/frontend/src/plugin/runPlugin.ts
[32m  [read]    [39m/Users/rucha/LFX/headlamp/headlamp/frontend/src/redux/actionButtonsSlice.ts
[32m  [read]    [39m/Users/rucha/LFX/headlamp/headlamp/frontend/src/redux/clusterActionSlice.ts
[32m  [read]    [39m/Users/rucha/LFX/headlamp/headlamp/frontend/src/redux/clusterProviderSlice.ts
[32m  [read]    [39m/Users/rucha/LFX/headlamp/headlamp/frontend/src/redux/configSlice.ts
[32m  [read]    [39m/Users/rucha/LFX/headlamp/headlamp/frontend/src/redux/configState.ts
[32m  [read]    [39m/Users/rucha/LFX/headlamp/headlamp/frontend/src/redux/drawerModeSlice.ts
[32m  [read]    [39m/Users/rucha/LFX/headlamp/headlamp/frontend/src/redux/filterSlice.ts
[32m  [read]    [39m/Users/rucha/LFX/headlamp/headlamp/frontend/src/redux/headlampEventSlice.ts
[32m  [read]    [39m/Users/rucha/LFX/headlamp/headlamp/frontend/src/redux/hooks.ts
[32m  [read]    [39m/Users/rucha/LFX/headlamp/headlamp/frontend/src/redux/overviewChartsSlice.ts
[32m  [read]    [39m/Users/rucha/LFX/headlamp/headlamp/frontend/src/redux/projectsSlice.ts
[32m  [read]    [39m/Users/rucha/LFX/headlamp/headlamp/frontend/src/redux/reducers/reducers.tsx
[32m  [read]    [39m/Users/rucha/LFX/headlamp/headlamp/frontend/src/redux/routesSlice.ts
[32m  [read]    [39m/Users/rucha/LFX/headlamp/headlamp/frontend/src/redux/shortcutsSlice.ts
[32m  [read]    [39m/Users/rucha/LFX/headlamp/headlamp/frontend/src/redux/stores/store.tsx
[32m  [read]    [39m/Users/rucha/LFX/headlamp/headlamp/frontend/src/redux/uiSlice.ts
[32m  [read]    [39m/Users/rucha/LFX/headlamp/headlamp/frontend/src/setupTests.ts
[32m  [read]    [39m/Users/rucha/LFX/headlamp/headlamp/frontend/src/stateless/deleteClusterKubeconfig.ts
[32m  [read]    [39m/Users/rucha/LFX/headlamp/headlamp/frontend/src/stateless/findKubeconfigByClusterName.ts
[32m  [read]    [39m/Users/rucha/LFX/headlamp/headlamp/frontend/src/stateless/getUserIdFromLocalStorage.ts
[32m  [read]    [39m/Users/rucha/LFX/headlamp/headlamp/frontend/src/stateless/index.ts
[32m  [read]    [39m/Users/rucha/LFX/headlamp/headlamp/frontend/src/stateless/updateStatelessClusterKubeconfig.ts
[32m  [read]    [39m/Users/rucha/LFX/headlamp/headlamp/frontend/src/test/index.tsx
[32m  [read]    [39m/Users/rucha/LFX/headlamp/headlamp/frontend/src/test/mocker.ts
[32m  [read]    [39m/Users/rucha/LFX/headlamp/headlamp/frontend/src/test/storybookBaseMocks.testHelper.ts
[32m  [write]   [39m/Users/rucha/LFX/headlamp/headlamp/frontend/src/i18n/locales/ar/translation.json
[32m  [write]   [39m/Users/rucha/LFX/headlamp/headlamp/frontend/src/i18n/locales/ar/glossary.json
[32m  [write]   [39m/Users/rucha/LFX/headlamp/headlamp/frontend/src/i18n/locales/ar/glossary_old.json
[32m  [write]   [39m/Users/rucha/LFX/headlamp/headlamp/frontend/src/i18n/locales/bn/translation.json
[32m  [write]   [39m/Users/rucha/LFX/headlamp/headlamp/frontend/src/i18n/locales/bn/glossary.json
[32m  [write]   [39m/Users/rucha/LFX/headlamp/headlamp/frontend/src/i18n/locales/bn/glossary_old.json
[32m  [write]   [39m/Users/rucha/LFX/headlamp/headlamp/frontend/src/i18n/locales/cs/translation.json
[32m  [write]   [39m/Users/rucha/LFX/headlamp/headlamp/frontend/src/i18n/locales/cs/glossary.json
[32m  [write]   [39m/Users/rucha/LFX/headlamp/headlamp/frontend/src/i18n/locales/de/translation.json
[32m  [write]   [39m/Users/rucha/LFX/headlamp/headlamp/frontend/src/i18n/locales/de/glossary.json
[32m  [write]   [39m/Users/rucha/LFX/headlamp/headlamp/frontend/src/i18n/locales/de/glossary_old.json
[32m  [write]   [39m/Users/rucha/LFX/headlamp/headlamp/frontend/src/i18n/locales/en/translation.json
[32m  [write]   [39m/Users/rucha/LFX/headlamp/headlamp/frontend/src/i18n/locales/en/glossary.json
[32m  [write]   [39m/Users/rucha/LFX/headlamp/headlamp/frontend/src/i18n/locales/en/glossary_old.json
[32m  [write]   [39m/Users/rucha/LFX/headlamp/headlamp/frontend/src/i18n/locales/es/translation.json
[32m  [write]   [39m/Users/rucha/LFX/headlamp/headlamp/frontend/src/i18n/locales/es/glossary.json

[36m  Stats:  [39m833 files were parsed
[32m  [write]   [39m/Users/rucha/LFX/headlamp/headlamp/frontend/src/i18n/locales/es/glossary_old.json
[32m  [write]   [39m/Users/rucha/LFX/headlamp/headlamp/frontend/src/i18n/locales/fr/translation.json
[32m  [write]   [39m/Users/rucha/LFX/headlamp/headlamp/frontend/src/i18n/locales/fr/glossary.json
[32m  [write]   [39m/Users/rucha/LFX/headlamp/headlamp/frontend/src/i18n/locales/fr/glossary_old.json
[32m  [write]   [39m/Users/rucha/LFX/headlamp/headlamp/frontend/src/i18n/locales/he/translation.json
[32m  [write]   [39m/Users/rucha/LFX/headlamp/headlamp/frontend/src/i18n/locales/he/glossary.json
[32m  [write]   [39m/Users/rucha/LFX/headlamp/headlamp/frontend/src/i18n/locales/he/glossary_old.json
[32m  [write]   [39m/Users/rucha/LFX/headlamp/headlamp/frontend/src/i18n/locales/hi/translation.json
[32m  [write]   [39m/Users/rucha/LFX/headlamp/headlamp/frontend/src/i18n/locales/hi/glossary.json
[32m  [write]   [39m/Users/rucha/LFX/headlamp/headlamp/frontend/src/i18n/locales/hi/glossary_old.json
[32m  [write]   [39m/Users/rucha/LFX/headlamp/headlamp/frontend/src/i18n/locales/hu/translation.json
[32m  [write]   [39m/Users/rucha/LFX/headlamp/headlamp/frontend/src/i18n/locales/hu/glossary.json
[32m  [write]   [39m/Users/rucha/LFX/headlamp/headlamp/frontend/src/i18n/locales/id/translation.json
[32m  [write]   [39m/Users/rucha/LFX/headlamp/headlamp/frontend/src/i18n/locales/id/glossary.json
[32m  [write]   [39m/Users/rucha/LFX/headlamp/headlamp/frontend/src/i18n/locales/it/translation.json
[32m  [write]   [39m/Users/rucha/LFX/headlamp/headlamp/frontend/src/i18n/locales/it/glossary.json
[32m  [write]   [39m/Users/rucha/LFX/headlamp/headlamp/frontend/src/i18n/locales/it/glossary_old.json
[32m  [write]   [39m/Users/rucha/LFX/headlamp/headlamp/frontend/src/i18n/locales/ja/translation.json
[32m  [write]   [39m/Users/rucha/LFX/headlamp/headlamp/frontend/src/i18n/locales/ja/glossary.json
[32m  [write]   [39m/Users/rucha/LFX/headlamp/headlamp/frontend/src/i18n/locales/ja/glossary_old.json
[32m  [write]   [39m/Users/rucha/LFX/headlamp/headlamp/frontend/src/i18n/locales/ko/translation.json
[32m  [write]   [39m/Users/rucha/LFX/headlamp/headlamp/frontend/src/i18n/locales/ko/glossary.json
[32m  [write]   [39m/Users/rucha/LFX/headlamp/headlamp/frontend/src/i18n/locales/ko/glossary_old.json
[32m  [write]   [39m/Users/rucha/LFX/headlamp/headlamp/frontend/src/i18n/locales/nl/translation.json
[32m  [write]   [39m/Users/rucha/LFX/headlamp/headlamp/frontend/src/i18n/locales/nl/glossary.json
[32m  [write]   [39m/Users/rucha/LFX/headlamp/headlamp/frontend/src/i18n/locales/pl/translation.json
[32m  [write]   [39m/Users/rucha/LFX/headlamp/headlamp/frontend/src/i18n/locales/pl/glossary.json
[32m  [write]   [39m/Users/rucha/LFX/headlamp/headlamp/frontend/src/i18n/locales/pt-br/translation.json
[32m  [write]   [39m/Users/rucha/LFX/headlamp/headlamp/frontend/src/i18n/locales/pt-br/glossary.json
[32m  [write]   [39m/Users/rucha/LFX/headlamp/headlamp/frontend/src/i18n/locales/pt-br/glossary_old.json
[32m  [write]   [39m/Users/rucha/LFX/headlamp/headlamp/frontend/src/i18n/locales/pt-pt/translation.json
[32m  [write]   [39m/Users/rucha/LFX/headlamp/headlamp/frontend/src/i18n/locales/pt-pt/glossary.json
[32m  [write]   [39m/Users/rucha/LFX/headlamp/headlamp/frontend/src/i18n/locales/pt-pt/glossary_old.json
[32m  [write]   [39m/Users/rucha/LFX/headlamp/headlamp/frontend/src/i18n/locales/ru/translation.json
[32m  [write]   [39m/Users/rucha/LFX/headlamp/headlamp/frontend/src/i18n/locales/ru/glossary.json
[32m  [write]   [39m/Users/rucha/LFX/headlamp/headlamp/frontend/src/i18n/locales/ru/glossary_old.json
[32m  [write]   [39m/Users/rucha/LFX/headlamp/headlamp/frontend/src/i18n/locales/sv/translation.json
[32m  [write]   [39m/Users/rucha/LFX/headlamp/headlamp/frontend/src/i18n/locales/sv/glossary.json
[32m  [write]   [39m/Users/rucha/LFX/headlamp/headlamp/frontend/src/i18n/locales/ta/translation.json
[32m  [write]   [39m/Users/rucha/LFX/headlamp/headlamp/frontend/src/i18n/locales/ta/glossary.json
[32m  [write]   [39m/Users/rucha/LFX/headlamp/headlamp/frontend/src/i18n/locales/ta/glossary_old.json
[32m  [write]   [39m/Users/rucha/LFX/headlamp/headlamp/frontend/src/i18n/locales/tr/translation.json
[32m  [write]   [39m/Users/rucha/LFX/headlamp/headlamp/frontend/src/i18n/locales/tr/glossary.json
[32m  [write]   [39m/Users/rucha/LFX/headlamp/headlamp/frontend/src/i18n/locales/ur/translation.json
[32m  [write]   [39m/Users/rucha/LFX/headlamp/headlamp/frontend/src/i18n/locales/ur/glossary.json
[32m  [write]   [39m/Users/rucha/LFX/headlamp/headlamp/frontend/src/i18n/locales/ur/glossary_old.json
[32m  [write]   [39m/Users/rucha/LFX/headlamp/headlamp/frontend/src/i18n/locales/zh/translation.json
[32m  [write]   [39m/Users/rucha/LFX/headlamp/headlamp/frontend/src/i18n/locales/zh/glossary.json
[32m  [write]   [39m/Users/rucha/LFX/headlamp/headlamp/frontend/src/i18n/locales/zh/glossary_old.json
[32m  [write]   [39m/Users/rucha/LFX/headlamp/headlamp/frontend/src/i18n/locales/zh-tw/translation.json
[32m  [write]   [39m/Users/rucha/LFX/headlamp/headlamp/frontend/src/i18n/locales/zh-tw/glossary.json
[32m  [write]   [39m/Users/rucha/LFX/headlamp/headlamp/frontend/src/i18n/locales/zh-tw/glossary_old.json
